 libxbee3

 Timestamp is 517eaf06 (Mon Apr 29 18:33:58 2013)

 Preferred load address is 10000000

 Start         Length     Name                   Class
 0001:00000000 00022494H .text                   CODE
 0002:00000000 00000194H .idata$5                DATA
 0002:00000194 00000004H .CRT$XCA                DATA
 0002:00000198 00000004H .CRT$XCZ                DATA
 0002:0000019c 00000004H .CRT$XIA                DATA
 0002:000001a0 00000010H .CRT$XIC                DATA
 0002:000001b0 00000004H .CRT$XIZ                DATA
 0002:000001b4 00000004H .CRT$XPA                DATA
 0002:000001b8 00000004H .CRT$XPX                DATA
 0002:000001bc 00000004H .CRT$XPXA               DATA
 0002:000001c0 00000004H .CRT$XPZ                DATA
 0002:000001c4 00000004H .CRT$XTA                DATA
 0002:000001c8 00000004H .CRT$XTZ                DATA
 0002:000001d0 000019f0H .rdata                  DATA
 0002:00001bc0 0000000cH .rdata$sxdata           DATA
 0002:00001bcc 00000004H .rtc$IAA                DATA
 0002:00001bd0 00000000H .rtc$IMZ                DATA
 0002:00001bd0 00000004H .rtc$IZZ                DATA
 0002:00001bd4 00000004H .rtc$TAA                DATA
 0002:00001bd8 00000000H .rtc$TMZ                DATA
 0002:00001bd8 00000004H .rtc$TZZ                DATA
 0002:00001be0 000004b4H .xdata$x                DATA
 0002:00002094 00000014H .idata$2                DATA
 0002:000020a8 00000014H .idata$3                DATA
 0002:000020bc 00000194H .idata$4                DATA
 0002:00002250 00000762H .idata$6                DATA
 0002:000029c0 00000541H .edata                  DATA
 0003:00000000 000033d8H .data                   DATA
 0003:000033e0 00001f84H .bss                    DATA
 0004:00000000 00000058H .rsrc$01                DATA
 0004:00000060 00000408H .rsrc$02                DATA

  Address         Publics by Value              Rva+Base       Lib:Object

 0000:00000000       __except_list              00000000     <absolute>
 0000:00000003       ___safe_se_handler_count   00000003     <absolute>
 0000:00000000       ___ImageBase               10000000     <linker-defined>
 0001:00000000       _xbee_conAlloc             10001000 f   conn.o
 0001:00000120       _xbee_conFree              10001120 f   conn.o
 0001:00000330       _xbee_conLink              10001330 f   conn.o
 0001:00000470       _xbee_conUnlink            10001470 f   conn.o
 0001:00000520       _xbee_conLogAddress        10001520 f   conn.o
 0001:00000780       _xbee_conAddressCmp        10001780 f   conn.o
 0001:00000980       __xbee_conLocate           10001980 f   conn.o
 0001:00000b00       _xbee_conLocate            10001b00 f   conn.o
 0001:00000b30       _xbee_conGetTypes          10001b30 f   conn.o
 0001:00000d10       __xbee_conNew              10001d10 f   conn.o
 0001:00001080       _xbee_conNew               10002080 f   conn.o
 0001:000010b0       _xbee_conValidate          100020b0 f   conn.o
 0001:00001130       _xbee_conGetXBee           10002130 f   conn.o
 0001:00001180       _xbee_conWake              10002180 f   conn.o
 0001:000012a0       _xbee_conTx                100022a0 f   conn.o
 0001:00001320       _xbee_convTx               10002320 f   conn.o
 0001:00001370       __xbee_convTx              10002370 f   conn.o
 0001:00001470       _xbee_connTx               10002470 f   conn.o
 0001:000014d0       __xbee_connTx              100024d0 f   conn.o
 0001:000017c0       _xbee_conLinkPacket        100027c0 f   conn.o
 0001:00001830       _xbee_conRx                10002830 f   conn.o
 0001:000019a0       _xbee_conRxWait            100029a0 f   conn.o
 0001:00001a20       _xbee_conPurge             10002a20 f   conn.o
 0001:00001aa0       _xbee_conSleepSet          10002aa0 f   conn.o
 0001:00001b50       _xbee_conSleepGet          10002b50 f   conn.o
 0001:00001be0       _xbee_conDataSet           10002be0 f   conn.o
 0001:00001c30       _xbee_conDataGet           10002c30 f   conn.o
 0001:00001c80       _xbee_conTypeGet           10002c80 f   conn.o
 0001:00001cd0       _xbee_conInfoGet           10002cd0 f   conn.o
 0001:00001d20       _xbee_conCallbackHandler   10002d20 f   conn.o
 0001:00001ed0       _xbee_conCallbackProd      10002ed0 f   conn.o
 0001:00002070       _xbee_conCallbackSet       10003070 f   conn.o
 0001:000020d0       _xbee_conCallbackGet       100030d0 f   conn.o
 0001:00002120       _xbee_conSettings          10003120 f   conn.o
 0001:00002240       _xbee_conEnd               10003240 f   conn.o
 0001:000022d0       _xbee_errorToStr           100032d0 f   error.o
 0001:000024c0       _xbee_frameBlockAlloc      100034c0 f   frame.o
 0001:000025e0       _xbee_frameBlockFree       100035e0 f   frame.o
 0001:00002690       _xbee_frameGetFreeID       10003690 f   frame.o
 0001:00002790       _xbee_frameWait            10003790 f   frame.o
 0001:00002980       _xbee_framePost            10003980 f   frame.o
 0001:00002ac0       _xbee_ll_init              10003ac0 f   ll.o
 0001:00002b50       _xbee_ll_destroy           10003b50 f   ll.o
 0001:00002c20       _xbee_ll_alloc             10003c20 f   ll.o
 0001:00002c80       _xbee_ll_free              10003c80 f   ll.o
 0001:00002cb0       _xbee_ll_lock              10003cb0 f   ll.o
 0001:00002d20       _xbee_ll_unlock            10003d20 f   ll.o
 0001:00002d90       __xbee_ll_add_head         10003d90 f   ll.o
 0001:00002ec0       __xbee_ll_add_tail         10003ec0 f   ll.o
 0001:00002ff0       __xbee_ll_add_after        10003ff0 f   ll.o
 0001:00003160       __xbee_ll_add_before       10004160 f   ll.o
 0001:000032d0       __xbee_ll_get_head         100042d0 f   ll.o
 0001:000033a0       __xbee_ll_get_tail         100043a0 f   ll.o
 0001:00003470       ___xbee_ll_get_item        10004470 f   ll.o
 0001:00003540       __xbee_ll_get_item         10004540 f   ll.o
 0001:00003570       __xbee_ll_get_next         10004570 f   ll.o
 0001:000036d0       __xbee_ll_get_prev         100046d0 f   ll.o
 0001:00003830       __xbee_ll_get_index        10004830 f   ll.o
 0001:00003930       __xbee_ll_ext_head         10004930 f   ll.o
 0001:00003a40       __xbee_ll_ext_tail         10004a40 f   ll.o
 0001:00003b50       __xbee_ll_ext_item         10004b50 f   ll.o
 0001:00003c90       __xbee_ll_ext_index        10004c90 f   ll.o
 0001:00003de0       __xbee_ll_modify_item      10004de0 f   ll.o
 0001:00003ed0       __xbee_ll_count_items      10004ed0 f   ll.o
 0001:00003fa0       _xbee_ll_combine           10004fa0 f   ll.o
 0001:00004110       _xbee_logAlloc             10005110 f   log.o
 0001:000041d0       _xbee_logFree              100051d0 f   log.o
 0001:00004240       _xbee_logTargetSet         10005240 f   log.o
 0001:000042c0       _xbee_logTargetGet         100052c0 f   log.o
 0001:00004310       _xbee_logLevelSet          10005310 f   log.o
 0001:00004390       _xbee_logLevelGet          10005390 f   log.o
 0001:000043e0       __xbee_logWrite            100053e0 f   log.o
 0001:00004a40       __xbee_logDev              10005a40 f   log.o
 0001:00004b00       __xbee_log                 10005b00 f   log.o
 0001:00004ba0       __xbee_logData             10005ba0 f   log.o
 0001:00004df0       _xbee_modeRetrieve         10005df0 f   mode.o
 0001:00004ed0       _xbee_modeImport           10005ed0 f   mode.o
 0001:00005030       _xbee_modeAddConType       10006030 f   mode.o
 0001:00005210       _xbee_modeCleanup          10006210 f   mode.o
 0001:00005330       _xbee_modeLocateConType    10006330 f   mode.o
 0001:000054a0       _xbee_modeGetList          100064a0 f   mode.o
 0001:00005620       _xbee_modeGet              10006620 f   mode.o
 0001:00005670       _xbee_mutex_lock           10006670 f   mutex.o
 0001:00005980       _xbee_mutex_trylock        10006980 f   mutex.o
 0001:00005a30       _xbee_mutex_unlock         10006a30 f   mutex.o
 0001:00005b30       _xbee_netStart             10006b30 f   net.o
 0001:00005b40       _xbee_netvStart            10006b40 f   net.o
 0001:00005b50       _xbee_netStop              10006b50 f   net.o
 0001:00005b60       _xbee_netClientShutdown    10006b60 f   net.o
 0001:00005b70       _xbee_pktAlloc             10006b70 f   pkt.o
 0001:00005c70       _xbee_pktFree              10006c70 f   pkt.o
 0001:00005d00       _xbee_pktValidate          10006d00 f   pkt.o
 0001:00005d30       _xbee_pktLink              10006d30 f   pkt.o
 0001:00005df0       __xbee_pktUnlink           10006df0 f   pkt.o
 0001:00005e80       _xbee_pktUnlink            10006e80 f   pkt.o
 0001:00005ea0       _xbee_pktDataKeyAdd        10006ea0 f   pkt.o
 0001:00006010       _xbee_pktDataKeyGet        10007010 f   pkt.o
 0001:00006150       _xbee_pktDataAdd           10007150 f   pkt.o
 0001:00006230       _xbee_pktDataGet           10007230 f   pkt.o
 0001:00006370       _xbee_pktAnalogAdd         10007370 f   pkt.o
 0001:000063d0       _xbee_pktAnalogGet         100073d0 f   pkt.o
 0001:00006490       _xbee_pktDigitalAdd        10007490 f   pkt.o
 0001:000064f0       _xbee_pktDigitalGet        100074f0 f   pkt.o
 0001:000065c0       _xbee_init                 100075c0 f   prepare.o
 0001:00006de0       _xbee_fini                 10007de0 f   prepare.o
 0001:00006ee0       _xbee_rxAlloc              10007ee0 f   rx.o
 0001:00006fb0       _xbee_rxFree               10007fb0 f   rx.o
 0001:00007010       _xbee_rx                   10008010 f   rx.o
 0001:000071d0       _xbee_rxHandler            100081d0 f   rx.o
 0001:000078b0       _xbee_threadValidate       100088b0 f   thread.o
 0001:00007900       _threadFunc                10008900 f   thread.o
 0001:00007ec0       __xbee_threadStart         10008ec0 f   thread.o
 0001:00008470       _xbee_threadKill           10009470 f   thread.o
 0001:00008650       _xbee_threadKillThis       10009650 f   thread.o
 0001:00008670       _xbee_threadJoin           10009670 f   thread.o
 0001:00008860       _xbee_threadKillJoin       10009860 f   thread.o
 0001:00008900       _xbee_threadRelease        10009900 f   thread.o
 0001:00008970       _xbee_threadStopRelease    10009970 f   thread.o
 0001:000089e0       _xbee_threadKillRelease    100099e0 f   thread.o
 0001:00008a90       _xbee_threadDestroyMine    10009a90 f   thread.o
 0001:00008ba0       _xbee_txAlloc              10009ba0 f   tx.o
 0001:00008c70       _xbee_txFree               10009c70 f   tx.o
 0001:00008cd0       _xbee_tx                   10009cd0 f   tx.o
 0001:00008e50       _xbee_txQueueBuffer        10009e50 f   tx.o
 0001:00008ec0       _xbee_txHandler            10009ec0 f   tx.o
 0001:00009130       _xbee_freeMemory           1000a130 f   xbee.o
 0001:00009150       _xbee_validate             1000a150 f   xbee.o
 0001:00009180       _xbee_alloc                1000a180 f   xbee.o
 0001:00009770       _xbee_free                 1000a770 f   xbee.o
 0001:000098b0       _xbee_vsetup               1000a8b0 f   xbee.o
 0001:00009b50       _xbee_setup                1000ab50 f   xbee.o
 0001:00009ba0       _xbee_shutdownThread       1000aba0 f   xbee.o
 0001:00009c20       _xbee_shutdown             1000ac20 f   xbee.o
 0001:00009c90       _xbee_attachEOFCallback    1000ac90 f   xbee.o
 0001:00009cf0       _xbee_dataSet              1000acf0 f   xbee.o
 0001:00009d40       _xbee_dataGet              1000ad40 f   xbee.o
 0001:00009d90       _DllMain@12                1000ad90 f   xsys.o
 0001:00009e00       _DllCanUnloadNow@0         1000ae00 f   xsys.o
 0001:00009e20       _xsys_serialSetup          1000ae20 f   xsys.o
 0001:0000a010       _xsys_serialShutdown       1000b010 f   xsys.o
 0001:0000a060       _xsys_serialRead           1000b060 f   xsys.o
 0001:0000a180       _xsys_serialWrite          1000b180 f   xsys.o
 0001:0000a250       _xsys_sem_timedwait        1000b250 f   xsys.o
 0001:0000a360       _xsys_sem_getvalue         1000b360 f   xsys.o
 0001:0000a480       _getFILETIMEoffset         1000b480 f   xsys.o
 0001:0000a570       _clock_gettime             1000b570 f   xsys.o
 0001:0000a740       _xbee_serialSetup          1000b740 f   xsys.o
 0001:0000a750       _xbee_xbeeRxIo             1000b750 f   modes_common.o
 0001:0000abf0       _xbee_xbeeTxIo             1000bbf0 f   modes_common.o
 0001:0000ae10       _xbee_s1_at_rx_func        1000be10 f   modes_xbee1_at.o
 0001:0000b020       _xbee_s1_at_rx_funcPost    1000c020 f   modes_xbee1_at.o
 0001:0000b070       _xbee_s1_at_tx_func        1000c070 f   modes_xbee1_at.o
 0001:0000b340       _xbee_s1_localAt_init      1000c340 f   modes_xbee1_at.o
 0001:0000b3d0       _xbee_s1_remoteAt_init     1000c3d0 f   modes_xbee1_at.o
 0001:0000b460       _xbee_s1_data_rx_func      1000c460 f   modes_xbee1_data.o
 0001:0000b630       _xbee_s1_data_tx_func      1000c630 f   modes_xbee1_data.o
 0001:0000b830       _xbee_s1_16bitData_init    1000c830 f   modes_xbee1_data.o
 0001:0000b890       _xbee_s1_64bitData_init    1000c890 f   modes_xbee1_data.o
 0001:0000b8f0       _xbee_s1_io_parseInputs    1000c8f0 f   modes_xbee1_io.o
 0001:0000bb10       _xbee_s1_io_rx_func        1000cb10 f   modes_xbee1_io.o
 0001:0000bce0       _xbee_s1_io_rx_funcPost    1000cce0 f   modes_xbee1_io.o
 0001:0000bd10       _xbee_s1_16bitIo_init      1000cd10 f   modes_xbee1_io.o
 0001:0000bd60       _xbee_s1_64bitIo_init      1000cd60 f   modes_xbee1_io.o
 0001:0000bf60       _xbee_s1_transmitStatus_rx_func 1000cf60 f   modes_xbee1_mode.o
 0001:0000bfd0       _xbee_s1_transmitStatus_init 1000cfd0 f   modes_xbee1_mode.o
 0001:0000c010       _xbee_s1_modemStatus_rx_func 1000d010 f   modes_xbee1_mode.o
 0001:0000c0f0       _xbee_s1_modemStatus_init  1000d0f0 f   modes_xbee1_mode.o
 0001:0000c130       _xbee_s2_at_rx_func        1000d130 f   modes_xbee2_at.o
 0001:0000c340       _xbee_s2_at_rx_funcPost    1000d340 f   modes_xbee2_at.o
 0001:0000c390       _xbee_s2_at_tx_func        1000d390 f   modes_xbee2_at.o
 0001:0000c600       _xbee_s2_localAt_init      1000d600 f   modes_xbee2_at.o
 0001:0000c690       _xbee_s2_remoteAt_init     1000d690 f   modes_xbee2_at.o
 0001:0000c720       _xbee_s2_data_rx_func      1000d720 f   modes_xbee2_data.o
 0001:0000c870       _xbee_s2_data_tx_func      1000d870 f   modes_xbee2_data.o
 0001:0000cb20       _xbee_s2_data_init         1000db20 f   modes_xbee2_data.o
 0001:0000cb80       _xbee_s2_dataExp_rx_func   1000db80 f   modes_xbee2_dataExp.o
 0001:0000ccf0       _xbee_s2_dataExp_tx_func   1000dcf0 f   modes_xbee2_dataExp.o
 0001:0000d050       _xbee_s2_dataExp_init      1000e050 f   modes_xbee2_dataExp.o
 0001:0000d0b0       _xbee_s2_identify_rx_func  1000e0b0 f   modes_xbee2_identify.o
 0001:0000d2d0       _xbee_s2_identify_init     1000e2d0 f   modes_xbee2_identify.o
 0001:0000d310       _xbee_s2_io_parseInputs    1000e310 f   modes_xbee2_io.o
 0001:0000d560       _xbee_s2_io_rx_func        1000e560 f   modes_xbee2_io.o
 0001:0000d6b0       _xbee_s2_io_rx_funcPost    1000e6b0 f   modes_xbee2_io.o
 0001:0000d6e0       _xbee_s2_io_init           1000e6e0 f   modes_xbee2_io.o
 0001:0000d8f0       _xbee_s2_transmitStatus_rx_func 1000e8f0 f   modes_xbee2_mode.o
 0001:0000d960       _xbee_s2_transmitStatus_init 1000e960 f   modes_xbee2_mode.o
 0001:0000d9a0       _xbee_s2_modemStatus_rx_func 1000e9a0 f   modes_xbee2_mode.o
 0001:0000da80       _xbee_s2_modemStatus_init  1000ea80 f   modes_xbee2_mode.o
 0001:0000dac0       _xbee_s2_sensor_rx_func    1000eac0 f   modes_xbee2_sensor.o
 0001:0000dc00       _xbee_s2_sensor_init       1000ec00 f   modes_xbee2_sensor.o
 0001:0000dc50       _xbee_sZB_at_rx_func       1000ec50 f   modes_xbeeZB_at.o
 0001:0000de60       _xbee_sZB_at_rx_funcPost   1000ee60 f   modes_xbeeZB_at.o
 0001:0000deb0       _xbee_sZB_at_tx_func       1000eeb0 f   modes_xbeeZB_at.o
 0001:0000e1a0       _xbee_sZB_localAt_init     1000f1a0 f   modes_xbeeZB_at.o
 0001:0000e230       _xbee_sZB_remoteAt_init    1000f230 f   modes_xbeeZB_at.o
 0001:0000e2c0       _xbee_sZB_data_rx_func     1000f2c0 f   modes_xbeeZB_data.o
 0001:0000e410       _xbee_sZB_data_tx_func     1000f410 f   modes_xbeeZB_data.o
 0001:0000e710       _xbee_sZB_data_init        1000f710 f   modes_xbeeZB_data.o
 0001:0000e770       _xbee_sZB_dataExp_rx_func  1000f770 f   modes_xbeeZB_dataExp.o
 0001:0000e940       _xbee_sZB_dataExp_tx_func  1000f940 f   modes_xbeeZB_dataExp.o
 0001:0000ed80       _xbee_sZB_dataExp_init     1000fd80 f   modes_xbeeZB_dataExp.o
 0001:0000ede0       _xbee_sZB_identify_rx_func 1000fde0 f   modes_xbeeZB_identify.o
 0001:0000f000       _xbee_sZB_identify_init    10010000 f   modes_xbeeZB_identify.o
 0001:0000f040       _xbee_sZB_io_parseInputs   10010040 f   modes_xbeeZB_io.o
 0001:0000f290       _xbee_sZB_io_rx_func       10010290 f   modes_xbeeZB_io.o
 0001:0000f3e0       _xbee_sZB_io_rx_funcPost   100103e0 f   modes_xbeeZB_io.o
 0001:0000f410       _xbee_sZB_io_init          10010410 f   modes_xbeeZB_io.o
 0001:0000f620       _xbee_sZB_transmitStatus_rx_func 10010620 f   modes_xbeeZB_mode.o
 0001:0000f690       _xbee_sZB_transmitStatus_init 10010690 f   modes_xbeeZB_mode.o
 0001:0000f6d0       _xbee_sZB_modemStatus_rx_func 100106d0 f   modes_xbeeZB_mode.o
 0001:0000f7b0       _xbee_sZB_modemStatus_init 100107b0 f   modes_xbeeZB_mode.o
 0001:0000f7f0       _xbee_sZB_ota_rx_func      100107f0 f   modes_xbeeZB_ota.o
 0001:0000f930       _xbee_sZB_ota_init         10010930 f   modes_xbeeZB_ota.o
 0001:0000f980       _xbee_sZB_sensor_rx_func   10010980 f   modes_xbeeZB_sensor.o
 0001:0000fac0       _xbee_sZB_sensor_init      10010ac0 f   modes_xbeeZB_sensor.o
 0001:0000fb10       _xbee_s5_at_rx_func        10010b10 f   modes_xbee5_at.o
 0001:0000fd00       _xbee_s5_at_rx_funcPost    10010d00 f   modes_xbee5_at.o
 0001:0000fd50       _xbee_s5_at_tx_func        10010d50 f   modes_xbee5_at.o
 0001:0000ff60       _xbee_s5_localAt_init      10010f60 f   modes_xbee5_at.o
 0001:0000fff0       _xbee_s5_remoteAt_init     10010ff0 f   modes_xbee5_at.o
 0001:00010080       _xbee_s5_data_rx_func      10011080 f   modes_xbee5_data.o
 0001:000101b0       _xbee_s5_data_tx_func      100111b0 f   modes_xbee5_data.o
 0001:00010440       _xbee_s5_data_init         10011440 f   modes_xbee5_data.o
 0001:000104a0       _xbee_s5_dataExp_rx_func   100114a0 f   modes_xbee5_dataExp.o
 0001:00010650       _xbee_s5_dataExp_tx_func   10011650 f   modes_xbee5_dataExp.o
 0001:00010a30       _xbee_s5_dataExp_init      10011a30 f   modes_xbee5_dataExp.o
 0001:00010a90       _xbee_s5_identify_rx_func  10011a90 f   modes_xbee5_identify.o
 0001:00010c70       _xbee_s5_identify_init     10011c70 f   modes_xbee5_identify.o
 0001:00010cb0       _xbee_s5_io_parseInputs    10011cb0 f   modes_xbee5_io.o
 0001:000110b0       _xbee_s5_transmitStatus_rx_func 100120b0 f   modes_xbee5_mode.o
 0001:00011120       _xbee_s5_transmitStatus_init 10012120 f   modes_xbee5_mode.o
 0001:00011160       _xbee_s5_modemStatus_rx_func 10012160 f   modes_xbee5_mode.o
 0001:00011240       _xbee_s5_modemStatus_init  10012240 f   modes_xbee5_mode.o
 0001:00011280       _memset                    10012280 f   LIBCMT:memset.obj
 0001:000112fa       _V6_HeapAlloc              100122fa f   LIBCMT:malloc.obj
 0001:00011349       _malloc                    10012349 f   LIBCMT:malloc.obj
 0001:00011413       __RTC_CheckEsp             10012413 f   LIBCMT:_stack_.obj
 0001:00011436       @_RTC_CheckStackVars@8     10012436 f   LIBCMT:_stack_.obj
 0001:00011492       _free                      10012492 f   LIBCMT:free.obj
 0001:00011520       _memcmp                    10012520 f   LIBCMT:memcmp.obj
 0001:00012ba0       _strcpy                    10013ba0 f   LIBCMT:strcat.obj
 0001:00012bb0       _strcat                    10013bb0 f   LIBCMT:strcat.obj
 0001:00012ca0       _strlen                    10013ca0 f   LIBCMT:strlen.obj
 0001:00012d30       _memcpy                    10013d30 f   LIBCMT:memcpy.obj
 0001:00013095       __get_errno_from_oserr     10014095 f   LIBCMT:dosmap.obj
 0001:000130d7       __errno                    100140d7 f   LIBCMT:dosmap.obj
 0001:000130ea       ___doserrno                100140ea f   LIBCMT:dosmap.obj
 0001:000130fd       __dosmaperr                100140fd f   LIBCMT:dosmap.obj
 0001:00013120       _calloc                    10014120 f   LIBCMT:calloc.obj
 0001:00013160       __flush                    10014160 f   LIBCMT:fflush.obj
 0001:000131c8       __fflush_nolock            100141c8 f   LIBCMT:fflush.obj
 0001:000132ea       _fflush                    100142ea f   LIBCMT:fflush.obj
 0001:0001333d       __flushall                 1001433d f   LIBCMT:fflush.obj
 0001:00013346       _fprintf                   10014346 f   LIBCMT:fprintf.obj
 0001:00013462       @__security_check_cookie@4 10014462 f   LIBCMT:secchk.obj
 0001:00013471       __endthreadex              10014471 f   LIBCMT:threadex.obj
 0001:00013572       __beginthreadex            10014572 f   LIBCMT:threadex.obj
 0001:00013622       _abort                     10014622 f   LIBCMT:abort.obj
 0001:0001373c       __setjmp3                  1001473c f   LIBCMT:setjmp3.obj
 0001:000137b8       _longjmp                   100147b8 f   LIBCMT:longjmp.obj
 0001:00013870       _strncpy                   10014870 f   LIBCMT:strncpy.obj
 0001:00013994       __snprintf                 10014994 f   LIBCMT:snprintf.obj
 0001:00013a43       ??0_LocaleUpdate@@QAE@PAUlocaleinfo_struct@@@Z 10014a43 f i LIBCMT:stricmp.obj
 0001:00013aca       ___ascii_stricmp           10014aca f   LIBCMT:stricmp.obj
 0001:00013b03       __stricmp_l                10014b03 f   LIBCMT:stricmp.obj
 0001:00013bd8       __stricmp                  10014bd8 f   LIBCMT:stricmp.obj
 0001:00013c2a       _realloc                   10014c2a f   LIBCMT:realloc.obj
 0001:00013e45       __strnicmp_l               10014e45 f   LIBCMT:strnicmp.obj
 0001:00013f37       __strnicmp                 10014f37 f   LIBCMT:strnicmp.obj
 0001:00013f95       ___iob_func                10014f95 f   LIBCMT:_file.obj
 0001:00013f9b       ___initstdio               10014f9b f   LIBCMT:_file.obj
 0001:0001404c       ___endstdio                1001504c f   LIBCMT:_file.obj
 0001:0001406c       __lock_file                1001506c f   LIBCMT:_file.obj
 0001:000140ad       __lock_file2               100150ad f   LIBCMT:_file.obj
 0001:000140df       __unlock_file              100150df f   LIBCMT:_file.obj
 0001:0001411b       __unlock_file2             1001511b f   LIBCMT:_file.obj
 0001:0001414a       __time64                   1001514a f   LIBCMT:time64.obj
 0001:000141a0       __alldiv                   100151a0 f   LIBCMT:lldiv.obj
 0001:00014250       _strcmp                    10015250 f   LIBCMT:strcmp.obj
 0001:00014342       _sscanf                    10015342 f   LIBCMT:sscanf.obj
 0001:00014364       __getenv_helper_nolock     10015364 f   LIBCMT:getenv.obj
 0001:000143eb       _getenv                    100153eb f   LIBCMT:getenv.obj
 0001:00014470       __allmul                   10015470 f   LIBCMT:llmul.obj
 0001:000144b0       __allshl                   100154b0 f   LIBCMT:llshl.obj
 0001:000144cf       __cfltcvt_init             100154cf f   LIBCMT:_fpinit_.obj
 0001:0001452f       __fpmath                   1001552f f   LIBCMT:_fpinit_.obj
 0001:00014560       __allrem                   10015560 f   LIBCMT:llrem.obj
 0001:00014620       __ftol2_sse                10015620 f   LIBCMT:ftol2.obj
 0001:00014629       __ftol2_pentium4           10015629 f   LIBCMT:ftol2.obj
 0001:0001463c       __ftol2_sse_excpt          1001563c f   LIBCMT:ftol2.obj
 0001:00014656       __ftol2                    10015656 f   LIBCMT:ftol2.obj
 0001:000146cb       __CRT_INIT@12              100156cb f   LIBCMT:dllcrt0.obj
 0001:000148f6       __DllMainCRTStartup@12     100158f6 f   LIBCMT:dllcrt0.obj
 0001:00014970       __VEC_memzero              10015970 f   LIBCMT:p4_memset.obj
 0001:00014a4f       __get_sse2_info            10015a4f f   LIBCMT:cpu_disp.obj
 0001:00014ab1       ___sse2_available_init     10015ab1 f   LIBCMT:cpu_disp.obj
 0001:00014abe       __mtinitlocks              10015abe f   LIBCMT:mlock.obj
 0001:00014b09       __mtdeletelocks            10015b09 f   LIBCMT:mlock.obj
 0001:00014b60       __unlock                   10015b60 f   LIBCMT:mlock.obj
 0001:00014b77       __mtinitlocknum            10015b77 f   LIBCMT:mlock.obj
 0001:00014c3a       __lock                     10015c3a f   LIBCMT:mlock.obj
 0001:00014c6d       ___sbh_find_block          10015c6d f   LIBCMT:sbheap.obj
 0001:00014c9d       ___sbh_free_block          10015c9d f   LIBCMT:sbheap.obj
 0001:00014fb3       ___sbh_alloc_new_region    10015fb3 f   LIBCMT:sbheap.obj
 0001:00015063       ___sbh_alloc_new_group     10016063 f   LIBCMT:sbheap.obj
 0001:0001516b       ___sbh_resize_block        1001616b f   LIBCMT:sbheap.obj
 0001:0001544c       ___sbh_alloc_block         1001644c f   LIBCMT:sbheap.obj
 0001:00015734       __SEH_prolog4              10016734 f   LIBCMT:sehprolg4.obj
 0001:00015779       __SEH_epilog4              10016779 f   LIBCMT:sehprolg4.obj
 0001:00015790       __except_handler4          10016790 f   LIBCMT:chandler4.obj
 0001:0001591c       __heap_init                1001691c f   LIBCMT:heapinit.obj
 0001:0001594c       __heap_term                1001694c f   LIBCMT:heapinit.obj
 0001:000159c0       __crt_waiting_on_module_handle 100169c0 f   LIBCMT:crt0dat.obj
 0001:000159f0       __amsg_exit                100169f0 f   LIBCMT:crt0dat.obj
 0001:00015a19       ___crtCorExitProcess       10016a19 f   LIBCMT:crt0dat.obj
 0001:00015a44       ___crtExitProcess          10016a44 f   LIBCMT:crt0dat.obj
 0001:00015a5c       __lockexit                 10016a5c f   LIBCMT:crt0dat.obj
 0001:00015a65       __unlockexit               10016a65 f   LIBCMT:crt0dat.obj
 0001:00015a8b       __initterm_e               10016a8b f   LIBCMT:crt0dat.obj
 0001:00015aaf       __cinit                    10016aaf f   LIBCMT:crt0dat.obj
 0001:00015c60       __exit                     10016c60 f   LIBCMT:crt0dat.obj
 0001:00015c76       __cexit                    10016c76 f   LIBCMT:crt0dat.obj
 0001:00015c85       __init_pointers            10016c85 f   LIBCMT:crt0dat.obj
 0001:00015cd3       __NMSG_WRITE               10016cd3 f   LIBCMT:crt0msg.obj
 0001:00015e7e       __FF_MSGBANNER             10016e7e f   LIBCMT:crt0msg.obj
 0001:00015eb7       __initp_heap_handler       10016eb7 f   LIBCMT:handler.obj
 0001:00015ec6       __callnewh                 10016ec6 f   LIBCMT:handler.obj
 0001:00016199       ?_RTC_Failure@@YAXPAXH@Z   10017199 f   LIBCMT:_error_.obj
 0001:000161d4       ?_RTC_StackFailure@@YAXPAXPBD@Z 100171d4 f   LIBCMT:_error_.obj
 0001:000162c7       ?_RTC_GetErrorFunc@@YAP6AHHPBDH00ZZPBX@Z 100172c7 f   LIBCMT:_userapi_.obj
 0001:000162cd       ?_RTC_GetErrorFuncW@@YAP6AHHPB_WH00ZZPBX@Z 100172cd f   LIBCMT:_userapi_.obj
 0001:0001635a       __VEC_memcpy               1001735a f   LIBCMT:p4_memcpy.obj
 0001:0001643d       __vsnprintf_l              1001743d f   LIBCMT:vsnprint.obj
 0001:000164f0       _vsnprintf                 100174f0 f   LIBCMT:vsnprint.obj
 0001:000164f0       __vsnprintf                100174f0 f   LIBCMT:vsnprint.obj
 0001:0001650d       __encode_pointer           1001750d f   LIBCMT:tidtable.obj
 0001:0001657f       __encoded_null             1001757f f   LIBCMT:tidtable.obj
 0001:00016588       __decode_pointer           10017588 f   LIBCMT:tidtable.obj
 0001:000165fa       ___crtTlsAlloc@4           100175fa f   LIBCMT:tidtable.obj
 0001:00016603       ___fls_getvalue@4          10017603 f   LIBCMT:tidtable.obj
 0001:0001661d       ___get_flsindex            1001761d f   LIBCMT:tidtable.obj
 0001:00016623       ___set_flsgetvalue         10017623 f   LIBCMT:tidtable.obj
 0001:00016657       ___fls_setvalue@8          10017657 f   LIBCMT:tidtable.obj
 0001:00016674       __mtterm                   10017674 f   LIBCMT:tidtable.obj
 0001:000166b1       __initptd                  100176b1 f   LIBCMT:tidtable.obj
 0001:00016798       __getptd_noexit            10017798 f   LIBCMT:tidtable.obj
 0001:00016811       __getptd                   10017811 f   LIBCMT:tidtable.obj
 0001:0001682b       __freefls@4                1001782b f   LIBCMT:tidtable.obj
 0001:0001695a       __freeptd                  1001795a f   LIBCMT:tidtable.obj
 0001:000169c8       __mtinit                   100179c8 f   LIBCMT:tidtable.obj
 0001:00016b55       __initp_misc_invarg        10017b55 f   LIBCMT:invarg.obj
 0001:00016b64       __invoke_watson            10017b64 f   LIBCMT:invarg.obj
 0001:00016c8c       __invalid_parameter        10017c8c f   LIBCMT:invarg.obj
 0001:00016cb2       __calloc_impl              10017cb2 f   LIBCMT:calloc_impl.obj
 0001:00016dd0       __write_nolock             10017dd0 f   LIBCMT:write.obj
 0001:00017503       __write                    10018503 f   LIBCMT:write.obj
 0001:000175df       __fileno                   100185df f   LIBCMT:fileno.obj
 0001:00017611       __commit                   10018611 f   LIBCMT:commit.obj
 0001:000176f2       __stbuf                    100186f2 f   LIBCMT:_sftbuf.obj
 0001:0001778e       __ftbuf                    1001878e f   LIBCMT:_sftbuf.obj
 0001:00017868       __output_l                 10018868 f   LIBCMT:output.obj
 0001:00018400       __ioinit                   10019400 f   LIBCMT:ioinit.obj
 0001:00018654       __ioterm                   10019654 f   LIBCMT:ioinit.obj
 0001:000186a2       ___report_gsfailure        100196a2 f   LIBCMT:gs_report.obj
 0001:000187b0       __ValidateImageBase        100197b0 f   LIBCMT:pesect.obj
 0001:000187f0       __FindPESection            100197f0 f   LIBCMT:pesect.obj
 0001:00018840       __IsNonwritableInCurrentImage 10019840 f   LIBCMT:pesect.obj
 0001:000188fd       __initp_misc_winxfltr      100198fd f   LIBCMT:winxfltr.obj
 0001:000188fd       __fpclear                  100198fd f   LIBCMT:_fpinit_.obj
 0001:000188fe       __XcptFilter               100198fe f   LIBCMT:winxfltr.obj
 0001:00018a5e       ___CppXcptFilter           10019a5e f   LIBCMT:winxfltr.obj
 0001:00018a7e       __malloc_crt               10019a7e f   LIBCMT:crtheap.obj
 0001:00018ac3       __calloc_crt               10019ac3 f   LIBCMT:crtheap.obj
 0001:00018b0f       __realloc_crt              10019b0f f   LIBCMT:crtheap.obj
 0001:00018b5d       __recalloc_crt             10019b5d f   LIBCMT:crtheap.obj
 0001:00018baf       __initp_misc_winsig        10019baf f   LIBCMT:winsig.obj
 0001:00018c04       ___get_sigabrt             10019c04 f   LIBCMT:winsig.obj
 0001:00018c11       _raise                     10019c11 f   LIBCMT:winsig.obj
 0001:00018dc4       __global_unwind2           10019dc4 f   LIBCMT:exsup.obj
 0001:00018e29       __local_unwind2            10019e29 f   LIBCMT:exsup.obj
 0001:00018ead       __abnormal_termination     10019ead f   LIBCMT:exsup.obj
 0001:00018ed0       __NLG_Notify1              10019ed0 f   LIBCMT:exsup.obj
 0001:00018ed9       __NLG_Notify               10019ed9 f   LIBCMT:exsup.obj
 0001:00018ef0       __NLG_Dispatch2            10019ef0     LIBCMT:exsup.obj
 0001:00018ef0       __NLG_Dispatch             10019ef0     LIBCMT:exsup.obj
 0001:00018ef8       __NLG_Call                 10019ef8 f   LIBCMT:exsup.obj
 0001:00018efa       __NLG_Return2              10019efa     LIBCMT:exsup.obj
 0001:00018efb       __rt_probe_read4@4         10019efb f   LIBCMT:sehsupp.obj
 0001:00018f46       __flsbuf                   10019f46 f   LIBCMT:_flsbuf.obj
 0001:000192d0       ___updatetmbcinfo          1001a2d0 f   LIBCMT:mbctype.obj
 0001:000193f0       __setmbcp_nolock           1001a3f0 f   LIBCMT:mbctype.obj
 0001:000195d5       __setmbcp                  1001a5d5 f   LIBCMT:mbctype.obj
 0001:0001976f       ___initmbctable            1001a76f f   LIBCMT:mbctype.obj
 0001:0001978d       ___freetlocinfo            1001a78d f   LIBCMT:setlocal.obj
 0001:000198d6       ___addlocaleref            1001a8d6 f   LIBCMT:setlocal.obj
 0001:00019965       ___removelocaleref         1001a965 f   LIBCMT:setlocal.obj
 0001:00019a3c       ___updatetlocinfo          1001aa3c f   LIBCMT:setlocal.obj
 0001:00019ab2       __tolower_l                1001aab2 f   LIBCMT:tolower.obj
 0001:00019bc7       _tolower                   1001abc7 f   LIBCMT:tolower.obj
 0001:00019c00       ___ascii_strnicmp          1001ac00 f   LIBCMT:_strnicm.obj
 0001:00019c61       __fcloseall                1001ac61 f   LIBCMT:closeall.obj
 0001:00019d00       __aulldiv                  1001ad00 f   LIBCMT:ulldiv.obj
 0001:00019e32       __input_l                  1001ae32 f   LIBCMT:input.obj
 0001:0001adef       __mbsnbicoll_l             1001bdef f   LIBCMT:mbsnbico.obj
 0001:0001aedd       __mbsnbicoll               1001bedd f   LIBCMT:mbsnbico.obj
 0001:0001aef7       ___wtomb_environ           1001bef7 f   LIBCMT:wtombenv.obj
 0001:0001af8e       _strcpy_s                  1001bf8e f   LIBCMT:strcpy_s.obj
 0001:0001aff6       _strnlen                   1001bff6 f   LIBCMT:strlen_s.obj
 0001:0001b013       __forcdecpt_l              1001c013 f   LIBCMT:cvt.obj
 0001:0001b086       __cropzeros_l              1001c086 f   LIBCMT:cvt.obj
 0001:0001b108       __positive                 1001c108 f   LIBCMT:cvt.obj
 0001:0001b124       __fassign_l                1001c124 f   LIBCMT:cvt.obj
 0001:0001b166       __fassign                  1001c166 f   LIBCMT:cvt.obj
 0001:0001b19f       __forcdecpt                1001c19f f   LIBCMT:cvt.obj
 0001:0001b1b2       __cropzeros                1001c1b2 f   LIBCMT:cvt.obj
 0001:0001b334       __cftoe_l                  1001c334 f   LIBCMT:cvt.obj
 0001:0001b404       __cftoe                    1001c404 f   LIBCMT:cvt.obj
 0001:0001b424       __cftoa_l                  1001c424 f   LIBCMT:cvt.obj
 0001:0001b88e       __cftof_l                  1001c88e f   LIBCMT:cvt.obj
 0001:0001b949       __cftog_l                  1001c949 f   LIBCMT:cvt.obj
 0001:0001ba43       __cfltcvt_l                1001ca43 f   LIBCMT:cvt.obj
 0001:0001bacb       __cfltcvt                  1001cacb f   LIBCMT:cvt.obj
 0001:0001baee       __initp_misc_cfltcvt_tab   1001caee f   LIBCMT:cmiscdat.obj
 0001:0001bb0f       __setdefaultprecision      1001cb0f f   LIBCMT:fp8.obj
 0001:0001bb3a       __ms_p5_test_fdiv          1001cb3a f   LIBCMT:_testfdiv_.obj
 0001:0001bb78       __ms_p5_mp_test_fdiv       1001cb78 f   LIBCMT:_testfdiv_.obj
 0001:0001bba1       __setenvp                  1001cba1 f   LIBCMT:stdenvp.obj
 0001:0001be19       __setargv                  1001ce19 f   LIBCMT:stdargv.obj
 0001:0001bed4       ___crtGetEnvironmentStringsA 1001ced4 f   LIBCMT:a_env.obj
 0001:0001c00b       __RTC_Initialize           1001d00b f   LIBCMT:_initsect_.obj
 0001:0001c031       __RTC_Terminate            1001d031 f   LIBCMT:_initsect_.obj
 0001:0001c057       ___security_init_cookie    1001d057 f   LIBCMT:gs_support.obj
 0001:0001c0ed       __initp_misc_initcrit      1001d0ed f   LIBCMT:initcrit.obj
 0001:0001c0fc       ___crtInitCritSecAndSpinCount 1001d0fc f   LIBCMT:initcrit.obj
 0001:0001c160       _memmove                   1001d160 f   LIBCMT:memmove.obj
 0001:0001c4c8       __local_unwind4            1001d4c8 f   LIBCMT:exsup4.obj
 0001:0001c59e       __seh_longjmp_unwind4@4    1001d59e f   LIBCMT:exsup4.obj
 0001:0001c5ba       @_EH4_CallFilterFunc@8     1001d5ba f   LIBCMT:exsup4.obj
 0001:0001c5d1       @_EH4_TransferToHandler@8  1001d5d1 f   LIBCMT:exsup4.obj
 0001:0001c5ea       @_EH4_GlobalUnwind@4       1001d5ea f   LIBCMT:exsup4.obj
 0001:0001c604       @_EH4_LocalUnwind@16       1001d604 f   LIBCMT:exsup4.obj
 0001:0001c6d5       ___onexitinit              1001d6d5 f   LIBCMT:onexit.obj
 0001:0001c706       __onexit                   1001d706 f   LIBCMT:onexit.obj
 0001:0001c742       _atexit                    1001d742 f   LIBCMT:onexit.obj
 0001:0001c759       ?terminate@@YAXXZ          1001d759 f   LIBCMT:hooks.obj
 0001:0001c792       __initp_eh_hooks           1001d792 f   LIBCMT:hooks.obj
 0001:0001c7a3       __initp_misc_rand_s        1001d7a3 f   LIBCMT:rand_s.obj
 0001:0001c7b2       __initp_misc_purevirt      1001d7b2 f   LIBCMT:inithelp.obj
 0001:0001c7c1       ___crtMessageBoxA          1001d7c1 f   LIBCMT:crtmbox.obj
 0001:0001c92a       _strcat_s                  1001d92a f   LIBCMT:strcat_s.obj
 0001:0001c99e       _strncpy_s                 1001d99e f   LIBCMT:strncpy_s.obj
 0001:0001ca53       __set_error_mode           1001da53 f   LIBCMT:errmode.obj
 0001:0001cc44       ?_RTC_GetSrcLine@@YAHPAEPA_WKPAH1K@Z 1001dc44 f   LIBCMT:_pdblkup_.obj
 0001:0001cec1       __crt_debugger_hook        1001dec1 f   LIBCMT:dbghook.obj
 0001:0001cec9       __putwch_nolock            1001dec9 f   LIBCMT:putwch.obj
 0001:0001cf8e       __mbtowc_l                 1001df8e f   LIBCMT:mbtowc.obj
 0001:0001d0a5       _mbtowc                    1001e0a5 f   LIBCMT:mbtowc.obj
 0001:0001d0bf       __isleadbyte_l             1001e0bf f i LIBCMT:_wctype.obj
 0001:0001d0f7       _isleadbyte                1001e0f7 f i LIBCMT:_wctype.obj
 0001:0001d10a       __isatty                   1001e10a f   LIBCMT:isatty.obj
 0001:0001d16e       __lseeki64_nolock          1001e16e f   LIBCMT:lseeki64.obj
 0001:0001d1f3       __lseeki64                 1001e1f3 f   LIBCMT:lseeki64.obj
 0001:0001d310       __alloca_probe             1001e310     LIBCMT:chkstk.obj
 0001:0001d310       __chkstk                   1001e310 f   LIBCMT:chkstk.obj
 0001:0001d33b       __free_osfhnd              1001e33b f   LIBCMT:osfinfo.obj
 0001:0001d3c1       __get_osfhandle            1001e3c1 f   LIBCMT:osfinfo.obj
 0001:0001d438       ___lock_fhandle            1001e438 f   LIBCMT:osfinfo.obj
 0001:0001d4d8       __unlock_fhandle           1001e4d8 f   LIBCMT:osfinfo.obj
 0001:0001d4ff       __get_printf_count_output  1001e4ff f   LIBCMT:printf.obj
 0001:0001d515       __wctomb_s_l               1001e515 f   LIBCMT:wctomb.obj
 0001:0001d681       _wctomb_s                  1001e681 f   LIBCMT:wctomb.obj
 0001:0001d6a0       __aulldvrm                 1001e6a0 f   LIBCMT:ulldvrm.obj
 0001:0001d735       __recalloc                 1001e735 f   LIBCMT:recalloc.obj
 0001:0001d7b0       __getbuf                   1001e7b0 f   LIBCMT:_getbuf.obj
 0001:0001d7f9       __freea                    1001e7f9 f i LIBCMT:a_map.obj
 0001:0001dbbe       ___crtLCMapStringA         1001ebbe f   LIBCMT:a_map.obj
 0001:0001ddbd       ___crtGetStringTypeA       1001edbd f   LIBCMT:a_str.obj
 0001:0001ddff       ___free_lc_time            1001edff f   LIBCMT:inittime.obj
 0001:0001df94       ___free_lconv_num          1001ef94 f   LIBCMT:initnum.obj
 0001:0001dfd9       ___free_lconv_mon          1001efd9 f   LIBCMT:initmon.obj
 0001:0001e070       _strcspn                   1001f070 f   LIBCMT:strcspn.obj
 0001:0001e0c0       _strpbrk                   1001f0c0 f   LIBCMT:strpbrk.obj
 0001:0001e100       __isctype_l                1001f100 f   LIBCMT:isctype.obj
 0001:0001e1b8       __fclose_nolock            1001f1b8 f   LIBCMT:fclose.obj
 0001:0001e22f       _fclose                    1001f22f f   LIBCMT:fclose.obj
 0001:0001e2ab       __isdigit_l                1001f2ab f i LIBCMT:_ctype.obj
 0001:0001e2fc       _isdigit                   1001f2fc f i LIBCMT:_ctype.obj
 0001:0001e32a       __isxdigit_l               1001f32a f i LIBCMT:_ctype.obj
 0001:0001e380       _isxdigit                  1001f380 f i LIBCMT:_ctype.obj
 0001:0001e3b0       __isspace_l                1001f3b0 f i LIBCMT:_ctype.obj
 0001:0001e401       _isspace                   1001f401 f i LIBCMT:_ctype.obj
 0001:0001e42f       __filbuf                   1001f42f f   LIBCMT:_filbuf.obj
 0001:0001e55a       __ungetc_nolock            1001f55a f   LIBCMT:ungetc.obj
 0001:0001e9d9       ___crtCompareStringA       1001f9d9 f   LIBCMT:a_cmp.obj
 0001:0001ea1b       __strnicoll_l              1001fa1b f   LIBCMT:strnicol.obj
 0001:0001ebc1       ___crtsetenv               1001fbc1 f   LIBCMT:setenv.obj
 0001:0001ee10       _strrchr                   1001fe10 f   LIBCMT:strrchr.obj
 0001:0001ee3d       __atodbl_l                 1001fe3d f   LIBCMT:atodbl.obj
 0001:0001eee5       __atoflt_l                 1001fee5 f   LIBCMT:atodbl.obj
 0001:0001ef8d       __fptostr                  1001ff8d f   LIBCMT:_fptostr.obj
 0001:0001f04c       ___dtold                   1002004c f   LIBCMT:_cfout_.obj
 0001:0001f109       __fltout2                  10020109 f   LIBCMT:_cfout_.obj
 0001:0001f1a0       __alldvrm                  100201a0 f   LIBCMT:lldvrm.obj
 0001:0001f280       __aullshr                  10020280 f   LIBCMT:ullshr.obj
 0001:0001f29f       __fptrap                   1002029f f   LIBCMT:crt0fp.obj
 0001:0001f2a8       __controlfp_s              100202a8 f   LIBCMT:_contrlfp_.obj
 0001:0001f367       __ismbblead                10020367 f   LIBCMT:ismbbyte.obj
 0001:0001f37f       __msize                    1002037f f   LIBCMT:msize.obj
 0001:0001f422       ___initconout              10020422 f   LIBCMT:initcon.obj
 0001:0001f441       ___termcon                 10020441 f   LIBCMT:initcon.obj
 0001:0001f69d       _strtol                    1002069d f   LIBCMT:strtol.obj
 0001:0001f6c8       ___ansicp                  100206c8 f   LIBCMT:convrtcp.obj
 0001:0001f711       ___convertcp               10020711 f   LIBCMT:convrtcp.obj
 0001:0001f8d0       __alloca_probe_16          100208d0 f   LIBCMT:alloca16.obj
 0001:0001f8e6       __alloca_probe_8           100208e6     LIBCMT:alloca16.obj
 0001:0001f8fc       _atol                      100208fc f   LIBCMT:atox.obj
 0001:0001f912       __close_nolock             10020912 f   LIBCMT:close.obj
 0001:0001f9ae       __close                    100209ae f   LIBCMT:close.obj
 0001:0001fa7b       __freebuf                  10020a7b f   LIBCMT:_freebuf.obj
 0001:0001faac       __read_nolock              10020aac f   LIBCMT:read.obj
 0001:0002006e       __read                     1002106e f   LIBCMT:read.obj
 0001:0002016b       __strdup                   1002116b f   LIBCMT:strdup.obj
 0001:000201c0       __mbschr_l                 100211c0 f   LIBCMT:mbschr.obj
 0001:0002027c       __mbschr                   1002127c f   LIBCMT:mbschr.obj
 0001:00020293       __ld12tod                  10021293 f   LIBCMT:_intrncvt_.obj
 0001:000207d7       __ld12tof                  100217d7 f   LIBCMT:_intrncvt_.obj
 0001:00020d1b       ___strgtold12_l            10021d1b f   LIBCMT:_strgtold_.obj
 0001:00021413       _$I10_OUTPUT               10022413 f   LIBCMT:_x10fout_.obj
 0001:00021e65       __control87                10022e65 f i LIBCMT:_ieee87_.obj
 0001:00022190       _strchr                    10023190 f   LIBCMT:strchr.obj
 0001:00022196       ___from_strstr_to_strchr   10023196     LIBCMT:strchr.obj
 0001:0002224e       ___mtold12                 1002324e f   LIBCMT:_mantold_.obj
 0001:0002241c       ___set_fpsr_sse2           1002341c f   LIBCMT:_fpctrl_.obj
 0001:0002248e       _RtlUnwind@16              1002348e f   kernel32:KERNEL32.dll
 0002:00000000       __imp__CreateSemaphoreA@16 10024000     kernel32:KERNEL32.dll
 0002:00000004       __imp__InitializeCriticalSection@4 10024004     kernel32:KERNEL32.dll
 0002:00000008       __imp__Sleep@4             10024008     kernel32:KERNEL32.dll
 0002:0000000c       __imp__ReleaseSemaphore@12 1002400c     kernel32:KERNEL32.dll
 0002:00000010       __imp__CloseHandle@4       10024010     kernel32:KERNEL32.dll
 0002:00000014       __imp__DeleteCriticalSection@4 10024014     kernel32:KERNEL32.dll
 0002:00000018       __imp__WaitForSingleObject@8 10024018     kernel32:KERNEL32.dll
 0002:0000001c       __imp__TlsSetValue@8       1002401c     kernel32:KERNEL32.dll
 0002:00000020       __imp__GetCurrentThread@0  10024020     kernel32:KERNEL32.dll
 0002:00000024       __imp__TlsGetValue@4       10024024     kernel32:KERNEL32.dll
 0002:00000028       __imp__TlsAlloc@0          10024028     kernel32:KERNEL32.dll
 0002:0000002c       __imp__AcquireSRWLockShared@4 1002402c     kernel32:KERNEL32.dll
 0002:00000030       __imp__ReleaseSRWLockShared@4 10024030     kernel32:KERNEL32.dll
 0002:00000034       __imp__ReleaseSRWLockExclusive@4 10024034     kernel32:KERNEL32.dll
 0002:00000038       __imp__EnterCriticalSection@4 10024038     kernel32:KERNEL32.dll
 0002:0000003c       __imp__TryEnterCriticalSection@4 1002403c     kernel32:KERNEL32.dll
 0002:00000040       __imp__LeaveCriticalSection@4 10024040     kernel32:KERNEL32.dll
 0002:00000044       __imp__AcquireSRWLockExclusive@4 10024044     kernel32:KERNEL32.dll
 0002:00000048       __imp__ResumeThread@4      10024048     kernel32:KERNEL32.dll
 0002:0000004c       __imp__SetThreadContext@8  1002404c     kernel32:KERNEL32.dll
 0002:00000050       __imp__GetThreadContext@8  10024050     kernel32:KERNEL32.dll
 0002:00000054       __imp__SuspendThread@4     10024054     kernel32:KERNEL32.dll
 0002:00000058       __imp__FlushFileBuffers@4  10024058     kernel32:KERNEL32.dll
 0002:0000005c       __imp__SetCommTimeouts@8   1002405c     kernel32:KERNEL32.dll
 0002:00000060       __imp__SetCommState@8      10024060     kernel32:KERNEL32.dll
 0002:00000064       __imp__GetCommState@8      10024064     kernel32:KERNEL32.dll
 0002:00000068       __imp__CreateFileA@28      10024068     kernel32:KERNEL32.dll
 0002:0000006c       __imp__GetLastError@0      1002406c     kernel32:KERNEL32.dll
 0002:00000070       __imp__ReadFile@20         10024070     kernel32:KERNEL32.dll
 0002:00000074       __imp__WriteFile@20        10024074     kernel32:KERNEL32.dll
 0002:00000078       __imp__GetProcAddress@8    10024078     kernel32:KERNEL32.dll
 0002:0000007c       __imp__LoadLibraryA@4      1002407c     kernel32:KERNEL32.dll
 0002:00000080       __imp__SystemTimeToFileTime@8 10024080     kernel32:KERNEL32.dll
 0002:00000084       __imp__GetSystemTimeAsFileTime@4 10024084     kernel32:KERNEL32.dll
 0002:00000088       __imp__QueryPerformanceCounter@4 10024088     kernel32:KERNEL32.dll
 0002:0000008c       __imp__QueryPerformanceFrequency@4 1002408c     kernel32:KERNEL32.dll
 0002:00000090       __imp__HeapAlloc@12        10024090     kernel32:KERNEL32.dll
 0002:00000094       __imp__HeapFree@12         10024094     kernel32:KERNEL32.dll
 0002:00000098       __imp__ExitThread@4        10024098     kernel32:KERNEL32.dll
 0002:0000009c       __imp__GetCurrentThreadId@0 1002409c     kernel32:KERNEL32.dll
 0002:000000a0       __imp__CreateThread@24     100240a0     kernel32:KERNEL32.dll
 0002:000000a4       __imp__UnhandledExceptionFilter@4 100240a4     kernel32:KERNEL32.dll
 0002:000000a8       __imp__SetUnhandledExceptionFilter@4 100240a8     kernel32:KERNEL32.dll
 0002:000000ac       __imp__RtlUnwind@16        100240ac     kernel32:KERNEL32.dll
 0002:000000b0       __imp__HeapReAlloc@16      100240b0     kernel32:KERNEL32.dll
 0002:000000b4       __imp__GetCommandLineA@0   100240b4     kernel32:KERNEL32.dll
 0002:000000b8       __imp__VirtualFree@12      100240b8     kernel32:KERNEL32.dll
 0002:000000bc       __imp__VirtualAlloc@16     100240bc     kernel32:KERNEL32.dll
 0002:000000c0       __imp__HeapCreate@12       100240c0     kernel32:KERNEL32.dll
 0002:000000c4       __imp__HeapDestroy@4       100240c4     kernel32:KERNEL32.dll
 0002:000000c8       __imp__GetModuleHandleW@4  100240c8     kernel32:KERNEL32.dll
 0002:000000cc       __imp__ExitProcess@4       100240cc     kernel32:KERNEL32.dll
 0002:000000d0       __imp__GetStdHandle@4      100240d0     kernel32:KERNEL32.dll
 0002:000000d4       __imp__GetModuleFileNameA@12 100240d4     kernel32:KERNEL32.dll
 0002:000000d8       __imp__RaiseException@16   100240d8     kernel32:KERNEL32.dll
 0002:000000dc       __imp__IsDebuggerPresent@0 100240dc     kernel32:KERNEL32.dll
 0002:000000e0       __imp__DebugBreak@0        100240e0     kernel32:KERNEL32.dll
 0002:000000e4       __imp__WideCharToMultiByte@32 100240e4     kernel32:KERNEL32.dll
 0002:000000e8       __imp__MultiByteToWideChar@24 100240e8     kernel32:KERNEL32.dll
 0002:000000ec       __imp__TlsFree@4           100240ec     kernel32:KERNEL32.dll
 0002:000000f0       __imp__InterlockedIncrement@4 100240f0     kernel32:KERNEL32.dll
 0002:000000f4       __imp__SetLastError@4      100240f4     kernel32:KERNEL32.dll
 0002:000000f8       __imp__InterlockedDecrement@4 100240f8     kernel32:KERNEL32.dll
 0002:000000fc       __imp__TerminateProcess@8  100240fc     kernel32:KERNEL32.dll
 0002:00000100       __imp__GetCurrentProcess@0 10024100     kernel32:KERNEL32.dll
 0002:00000104       __imp__GetConsoleCP@0      10024104     kernel32:KERNEL32.dll
 0002:00000108       __imp__GetConsoleMode@8    10024108     kernel32:KERNEL32.dll
 0002:0000010c       __imp__SetHandleCount@4    1002410c     kernel32:KERNEL32.dll
 0002:00000110       __imp__GetFileType@4       10024110     kernel32:KERNEL32.dll
 0002:00000114       __imp__GetStartupInfoA@4   10024114     kernel32:KERNEL32.dll
 0002:00000118       __imp__GetCPInfo@8         10024118     kernel32:KERNEL32.dll
 0002:0000011c       __imp__GetACP@0            1002411c     kernel32:KERNEL32.dll
 0002:00000120       __imp__GetOEMCP@0          10024120     kernel32:KERNEL32.dll
 0002:00000124       __imp__IsValidCodePage@4   10024124     kernel32:KERNEL32.dll
 0002:00000128       __imp__GetModuleHandleA@4  10024128     kernel32:KERNEL32.dll
 0002:0000012c       __imp__FreeEnvironmentStringsA@4 1002412c     kernel32:KERNEL32.dll
 0002:00000130       __imp__GetEnvironmentStrings@0 10024130     kernel32:KERNEL32.dll
 0002:00000134       __imp__FreeEnvironmentStringsW@4 10024134     kernel32:KERNEL32.dll
 0002:00000138       __imp__GetEnvironmentStringsW@0 10024138     kernel32:KERNEL32.dll
 0002:0000013c       __imp__GetTickCount@0      1002413c     kernel32:KERNEL32.dll
 0002:00000140       __imp__GetCurrentProcessId@0 10024140     kernel32:KERNEL32.dll
 0002:00000144       __imp__InitializeCriticalSectionAndSpinCount@8 10024144     kernel32:KERNEL32.dll
 0002:00000148       __imp__FreeLibrary@4       10024148     kernel32:KERNEL32.dll
 0002:0000014c       __imp__GetProcessHeap@0    1002414c     kernel32:KERNEL32.dll
 0002:00000150       __imp__GetModuleFileNameW@12 10024150     kernel32:KERNEL32.dll
 0002:00000154       __imp__VirtualQuery@12     10024154     kernel32:KERNEL32.dll
 0002:00000158       __imp__WriteConsoleA@20    10024158     kernel32:KERNEL32.dll
 0002:0000015c       __imp__GetConsoleOutputCP@0 1002415c     kernel32:KERNEL32.dll
 0002:00000160       __imp__WriteConsoleW@20    10024160     kernel32:KERNEL32.dll
 0002:00000164       __imp__SetFilePointer@16   10024164     kernel32:KERNEL32.dll
 0002:00000168       __imp__SetStdHandle@8      10024168     kernel32:KERNEL32.dll
 0002:0000016c       __imp__LCMapStringA@24     1002416c     kernel32:KERNEL32.dll
 0002:00000170       __imp__LCMapStringW@24     10024170     kernel32:KERNEL32.dll
 0002:00000174       __imp__GetStringTypeA@20   10024174     kernel32:KERNEL32.dll
 0002:00000178       __imp__GetStringTypeW@16   10024178     kernel32:KERNEL32.dll
 0002:0000017c       __imp__GetLocaleInfoA@16   1002417c     kernel32:KERNEL32.dll
 0002:00000180       __imp__CompareStringA@24   10024180     kernel32:KERNEL32.dll
 0002:00000184       __imp__CompareStringW@24   10024184     kernel32:KERNEL32.dll
 0002:00000188       __imp__SetEnvironmentVariableA@8 10024188     kernel32:KERNEL32.dll
 0002:0000018c       __imp__HeapSize@12         1002418c     kernel32:KERNEL32.dll
 0002:00000190       \177KERNEL32_NULL_THUNK_DATA 10024190     kernel32:KERNEL32.dll
 0002:00000194       ___xc_a                    10024194     LIBCMT:crt0init.obj
 0002:00000198       ___xc_z                    10024198     LIBCMT:crt0init.obj
 0002:0000019c       ___xi_a                    1002419c     LIBCMT:crt0init.obj
 0002:000001b0       ___xi_z                    100241b0     LIBCMT:crt0init.obj
 0002:000001b4       ___xp_a                    100241b4     LIBCMT:crt0init.obj
 0002:000001c0       ___xp_z                    100241c0     LIBCMT:crt0init.obj
 0002:000001c4       ___xt_a                    100241c4     LIBCMT:crt0init.obj
 0002:000001c8       ___xt_z                    100241c8     LIBCMT:crt0init.obj
 0002:000001d0       _modeList                  100241d0     mode.o
 0002:000001e4       _libxbee_revision          100241e4     ver.o
 0002:000001ec       _libxbee_commit            100241ec     ver.o
 0002:000001fc       _libxbee_committer         100241fc     ver.o
 0002:0000020c       _libxbee_buildtime         1002420c     ver.o
 0002:00000228       __real@4024000000000000    10024228     xsys.o
 0002:00000230       __real@412e848000000000    10024230     xsys.o
 0002:00000238       _mode_xbee1                10024238     modes_xbee1_mode.o
 0002:00000270       _mode_xbee2                10024270     modes_xbee2_mode.o
 0002:000002a8       _mode_xbeeZB               100242a8     modes_xbeeZB_mode.o
 0002:000002e0       _mode_xbee5                100242e0     modes_xbee5_mode.o
 0002:00000318       __FPinit                   10024318     LIBCMT:_fpinit_.obj
 0002:0000031c       __FPmtinit                 1002431c     LIBCMT:_fpinit_.obj
 0002:00000320       __FPmtterm                 10024320     LIBCMT:_fpinit_.obj
 0002:00000324       __pDefaultRawDllMain       10024324     LIBCMT:dllcrt0.obj
 0002:00000324       __pRawDllMain              10024324     LIBCMT:dllcrt0.obj
 0002:00000328       ??_C@_0P@MIGLKIOC@CorExitProcess?$AA@ 10024328     LIBCMT:crt0dat.obj
 0002:00000338       ??_C@_1BI@BGOHAHKC@?$AAm?$AAs?$AAc?$AAo?$AAr?$AAe?$AAe?$AA?4?$AAd?$AAl?$AAl?$AA?$AA@ 10024338     LIBCMT:crt0dat.obj
 0002:00000350       ??_C@_0P@GGKDKEEG@runtime?5error?5?$AA@ 10024350     LIBCMT:crt0msg.obj
 0002:00000360       ??_C@_02PCIJFNDE@?$AN?6?$AA@ 10024360     LIBCMT:crt0msg.obj
 0002:00000364       ??_C@_0O@MJNIPGOH@TLOSS?5error?$AN?6?$AA@ 10024364     LIBCMT:crt0msg.obj
 0002:00000374       ??_C@_0N@BONNPDHF@SING?5error?$AN?6?$AA@ 10024374     LIBCMT:crt0msg.obj
 0002:00000384       ??_C@_0P@MBDAJNE@DOMAIN?5error?$AN?6?$AA@ 10024384     LIBCMT:crt0msg.obj
 0002:00000398       ??_C@_0JL@DFDOOABL@R6034?$AN?6An?5application?5has?5made?5a@ 10024398     LIBCMT:crt0msg.obj
 0002:00000438       ??_C@_0PH@EPAFIJ@R6033?$AN?6?9?5Attempt?5to?5use?5MSIL?5cod@ 10024438     LIBCMT:crt0msg.obj
 0002:00000530       ??_C@_0DD@BKEEABMM@R6032?$AN?6?9?5not?5enough?5space?5for?5lo@ 10024530     LIBCMT:crt0msg.obj
 0002:00000568       ??_C@_0GD@OFKILIED@R6031?$AN?6?9?5Attempt?5to?5initialize?5t@ 10024568     LIBCMT:crt0msg.obj
 0002:000005cc       ??_C@_0BP@LPMHJOKI@R6030?$AN?6?9?5CRT?5not?5initialized?$AN?6?$AA@ 100245cc     LIBCMT:crt0msg.obj
 0002:000005ec       ??_C@_0CF@KJDAIALP@R6028?$AN?6?9?5unable?5to?5initialize?5he@ 100245ec     LIBCMT:crt0msg.obj
 0002:00000614       ??_C@_0DF@GAKBPDFP@R6027?$AN?6?9?5not?5enough?5space?5for?5lo@ 10024614     LIBCMT:crt0msg.obj
 0002:0000064c       ??_C@_0DF@IBLNNAIG@R6026?$AN?6?9?5not?5enough?5space?5for?5st@ 1002464c     LIBCMT:crt0msg.obj
 0002:00000684       ??_C@_0CG@IOHKGFNJ@R6025?$AN?6?9?5pure?5virtual?5function?5c@ 10024684     LIBCMT:crt0msg.obj
 0002:000006ac       ??_C@_0DF@JIJJFJDC@R6024?$AN?6?9?5not?5enough?5space?5for?5_o@ 100246ac     LIBCMT:crt0msg.obj
 0002:000006e4       ??_C@_0CJ@EGEJHFME@R6019?$AN?6?9?5unable?5to?5open?5console?5@ 100246e4     LIBCMT:crt0msg.obj
 0002:00000710       ??_C@_0CB@GNHNIELH@R6018?$AN?6?9?5unexpected?5heap?5error?$AN?6@ 10024710     LIBCMT:crt0msg.obj
 0002:00000734       ??_C@_0CN@FOLDKNG@R6017?$AN?6?9?5unexpected?5multithread?5@ 10024734     LIBCMT:crt0msg.obj
 0002:00000764       ??_C@_0CM@FAHFJNHO@R6016?$AN?6?9?5not?5enough?5space?5for?5th@ 10024764     LIBCMT:crt0msg.obj
 0002:00000790       ??_C@_0JG@LBKMGKLD@?$AN?6This?5application?5has?5requested@ 10024790     LIBCMT:crt0msg.obj
 0002:00000828       ??_C@_0CM@FLCNIPKK@R6009?$AN?6?9?5not?5enough?5space?5for?5en@ 10024828     LIBCMT:crt0msg.obj
 0002:00000854       ??_C@_0CK@KMMJOAPP@R6008?$AN?6?9?5not?5enough?5space?5for?5ar@ 10024854     LIBCMT:crt0msg.obj
 0002:00000880       ??_C@_0CN@LEKKICBM@R6002?$AN?6?9?5floating?5point?5support?5@ 10024880     LIBCMT:crt0msg.obj
 0002:000008b0       ??_C@_0CF@GOGNBNAK@Microsoft?5Visual?5C?$CL?$CL?5Runtime?5Lib@ 100248b0     LIBCMT:crt0msg.obj
 0002:000008d8       ??_C@_02PHMGELLB@?6?6?$AA@ 100248d8     LIBCMT:crt0msg.obj
 0002:000008dc       ??_C@_03KHICJKCI@?4?4?4?$AA@ 100248dc     LIBCMT:crt0msg.obj
 0002:000008e0       ??_C@_0BH@DNAGHKFM@?$DMprogram?5name?5unknown?$DO?$AA@ 100248e0     LIBCMT:crt0msg.obj
 0002:000008f8       ??_C@_0BK@OFGJDLJJ@Runtime?5Error?$CB?6?6Program?3?5?$AA@ 100248f8     LIBCMT:crt0msg.obj
 0002:00000914       ??_C@_0BO@GNIAFIKK@Unknown?5Runtime?5Check?5Error?6?$AN?$AA@ 10024914     LIBCMT:_error_.obj
 0002:00000934       ??_C@_0CM@NGINOKPC@Stack?5memory?5around?5_alloca?5was?5@ 10024934     LIBCMT:_error_.obj
 0002:00000960       ??_C@_0DG@HKJMLLLP@A?5local?5variable?5was?5used?5before@ 10024960     LIBCMT:_error_.obj
 0002:00000998       ??_C@_0BN@FFOINMNJ@Stack?5memory?5was?5corrupted?6?$AN?$AA@ 10024998     LIBCMT:_error_.obj
 0002:000009b8       ??_C@_0BBN@GPMLNJCF@A?5cast?5to?5a?5smaller?5data?5type?5ha@ 100249b8     LIBCMT:_error_.obj
 0002:00000ad8       ??_C@_0NN@NGPKDKPD@The?5value?5of?5ESP?5was?5not?5properl@ 10024ad8     LIBCMT:_error_.obj
 0002:00000c54       ??_C@_0CA@IODNCDPG@Run?9Time?5Check?5Failure?5?$CD?$CFd?5?9?5?$CFs?$AA@ 10024c54     LIBCMT:_error_.obj
 0002:00000c74       ??_C@_0BE@GNBOBNCK@Unknown?5Module?5Name?$AA@ 10024c74     LIBCMT:_error_.obj
 0002:00000c88       ??_C@_0BB@PFFGGCJP@Unknown?5Filename?$AA@ 10024c88     LIBCMT:_error_.obj
 0002:00000ca0       ??_C@_1EA@NFKNIFJP@?$AAR?$AAu?$AAn?$AA?9?$AAT?$AAi?$AAm?$AAe?$AA?5?$AAC?$AAh?$AAe?$AAc?$AAk?$AA?5?$AAF?$AAa?$AAi?$AAl?$AAu?$AAr?$AAe?$AA?5?$AA?$CD?$AA?$CF?$AAd?$AA?5?$AA?9?$AA?5?$AA?$CF?$AAs?$AA?$AA@ 10024ca0     LIBCMT:_error_.obj
 0002:00000ce0       ??_C@_1GM@OLMCBDMB@?$AAR?$AAu?$AAn?$AAt?$AAi?$AAm?$AAe?$AA?5?$AAC?$AAh?$AAe?$AAc?$AAk?$AA?5?$AAE?$AAr?$AAr?$AAo?$AAr?$AA?4?$AA?6?$AA?$AN?$AA?5?$AAU?$AAn?$AAa?$AAb?$AAl?$AAe?$AA?5?$AAt?$AAo@ 10024ce0     LIBCMT:_error_.obj
 0002:00000d4c       ??_C@_0CG@IAFNJNEE@Stack?5corrupted?5near?5unknown?5var@ 10024d4c     LIBCMT:_error_.obj
 0002:00000d74       ??_C@_0BP@OGBCLIBO@Stack?5around?5_alloca?5corrupted?$AA@ 10024d74     LIBCMT:_userapi_.obj
 0002:00000d94       ??_C@_0CK@CNLNOEPB@Local?5variable?5used?5before?5initi@ 10024d94     LIBCMT:_userapi_.obj
 0002:00000dc0       ??_C@_0BI@CIGMDCBH@Stack?5memory?5corruption?$AA@ 10024dc0     LIBCMT:_userapi_.obj
 0002:00000dd8       ??_C@_0CK@FEGOIOPB@Cast?5to?5smaller?5type?5causing?5los@ 10024dd8     LIBCMT:_userapi_.obj
 0002:00000e04       ??_C@_0BJ@HEGAHDFO@Stack?5pointer?5corruption?$AA@ 10024e04     LIBCMT:_userapi_.obj
 0002:00000e34       ??_C@_0O@NLDKAIKN@EncodePointer?$AA@ 10024e34     LIBCMT:tidtable.obj
 0002:00000e44       ??_C@_1BK@DBDEIDLH@?$AAK?$AAE?$AAR?$AAN?$AAE?$AAL?$AA3?$AA2?$AA?4?$AAD?$AAL?$AAL?$AA?$AA@ 10024e44     LIBCMT:tidtable.obj
 0002:00000e60       ??_C@_0O@KBPMFGHI@DecodePointer?$AA@ 10024e60     LIBCMT:tidtable.obj
 0002:00000e70       ??_C@_07PEJMOBNF@FlsFree?$AA@ 10024e70     LIBCMT:tidtable.obj
 0002:00000e78       ??_C@_0M@JCPCPOEF@FlsSetValue?$AA@ 10024e78     LIBCMT:tidtable.obj
 0002:00000e84       ??_C@_0M@GDNOONDI@FlsGetValue?$AA@ 10024e84     LIBCMT:tidtable.obj
 0002:00000e90       ??_C@_08KNHFBNJ@FlsAlloc?$AA@ 10024e90     LIBCMT:tidtable.obj
 0002:00000e9c       ??_C@_1O@CEDCILHN@?$AA?$CI?$AAn?$AAu?$AAl?$AAl?$AA?$CJ?$AA?$AA@ 10024e9c     LIBCMT:output.obj
 0002:00000eac       ??_C@_06OJHGLDPL@?$CInull?$CJ?$AA@ 10024eac     LIBCMT:output.obj
 0002:00000eb8       ___lookuptable             10024eb8     LIBCMT:output.obj
 0002:00000f20       __XcptActTab               10024f20     LIBCMT:winxfltr.obj
 0002:00001018       ??_C@_05KLBDPFGC@e?$CL000?$AA@ 10025018     LIBCMT:cvt.obj
 0002:00001020       __real@4150017ec0000000    10025020     LIBCMT:_testfdiv_.obj
 0002:00001028       __real@4147ffff80000000    10025028     LIBCMT:_testfdiv_.obj
 0002:00001030       ??_C@_0BK@NHEOCAHP@IsProcessorFeaturePresent?$AA@ 10025030     LIBCMT:_testfdiv_.obj
 0002:0000104c       ??_C@_08CPNIBGIE@KERNEL32?$AA@ 1002504c     LIBCMT:_testfdiv_.obj
 0002:00001058       ??_C@_0N@JJPEKNFO@ADVAPI32?4DLL?$AA@ 10025058     LIBCMT:rand_s.obj
 0002:00001068       ??_C@_0BI@DFKBFLJE@GetProcessWindowStation?$AA@ 10025068     LIBCMT:crtmbox.obj
 0002:00001080       ??_C@_0BK@CIDNPOGP@GetUserObjectInformationA?$AA@ 10025080     LIBCMT:crtmbox.obj
 0002:0000109c       ??_C@_0BD@HHGDFDBJ@GetLastActivePopup?$AA@ 1002509c     LIBCMT:crtmbox.obj
 0002:000010b0       ??_C@_0BA@HNOPNCHB@GetActiveWindow?$AA@ 100250b0     LIBCMT:crtmbox.obj
 0002:000010c0       ??_C@_0M@CHKKJDAI@MessageBoxA?$AA@ 100250c0     LIBCMT:crtmbox.obj
 0002:000010cc       ??_C@_0L@NDEGIDAG@USER32?4DLL?$AA@ 100250cc     LIBCMT:crtmbox.obj
 0002:000010d8       ??_C@_0M@EKFFODEC@MSPDB80?4DLL?$AA@ 100250d8     LIBCMT:_pdblkup_.obj
 0002:000010e4       ??_C@_0BF@BMIHBHCA@EnvironmentDirectory?$AA@ 100250e4     LIBCMT:_pdblkup_.obj
 0002:000010fc       ??_C@_0CN@JNNIHDGH@SOFTWARE?2Microsoft?2VisualStudio?2@ 100250fc     LIBCMT:_pdblkup_.obj
 0002:0000112c       ??_C@_0M@HLOHPNFA@RegCloseKey?$AA@ 1002512c     LIBCMT:_pdblkup_.obj
 0002:00001138       ??_C@_0BB@HHEIPGME@RegQueryValueExA?$AA@ 10025138     LIBCMT:_pdblkup_.obj
 0002:0000114c       ??_C@_0O@DCOGKJGG@RegOpenKeyExA?$AA@ 1002514c     LIBCMT:_pdblkup_.obj
 0002:0000115c       ??_C@_01KDCPPGHE@r?$AA@    1002515c     LIBCMT:_pdblkup_.obj
 0002:00001160       ??_C@_0BB@KCIACLNC@PDBOpenValidate5?$AA@ 10025160     LIBCMT:_pdblkup_.obj
 0002:00001178       ___lookuptable_s           10025178     LIBCMT:outputs.obj
 0002:000011d4       ??_C@_13NOLLCAOD@?$AA?$AA?$AA?$AA@ 100251d4     LIBCMT:a_map.obj
 0002:000011d8       ___newctype                100251d8     LIBCMT:ctype.obj
 0002:000014d8       __wctype                   100254d8     LIBCMT:ctype.obj
 0002:000016e0       ___newclmap                100256e0     LIBCMT:ctype.obj
 0002:00001860       ___newcumap                10025860     LIBCMT:ctype.obj
 0002:000019e0       ??_C@_08JCCMCCIL@HH?3mm?3ss?$AA@ 100259e0     LIBCMT:strftime.obj
 0002:000019ec       ??_C@_0BE@CKGJFCPC@dddd?0?5MMMM?5dd?0?5yyyy?$AA@ 100259ec     LIBCMT:strftime.obj
 0002:00001a00       ??_C@_08BPBNCDIB@MM?1dd?1yy?$AA@ 10025a00     LIBCMT:strftime.obj
 0002:00001a0c       ??_C@_02CJNFDJBF@PM?$AA@   10025a0c     LIBCMT:strftime.obj
 0002:00001a10       ??_C@_02DEDBPAFC@AM?$AA@   10025a10     LIBCMT:strftime.obj
 0002:00001a14       ??_C@_08EDHMEBNP@December?$AA@ 10025a14     LIBCMT:strftime.obj
 0002:00001a20       ??_C@_08HCHEGEOA@November?$AA@ 10025a20     LIBCMT:strftime.obj
 0002:00001a2c       ??_C@_07JJNFCEND@October?$AA@ 10025a2c     LIBCMT:strftime.obj
 0002:00001a34       ??_C@_09BHHEALKD@September?$AA@ 10025a34     LIBCMT:strftime.obj
 0002:00001a40       ??_C@_06LBBHFDDG@August?$AA@ 10025a40     LIBCMT:strftime.obj
 0002:00001a48       ??_C@_04MIEPOIFP@July?$AA@ 10025a48     LIBCMT:strftime.obj
 0002:00001a50       ??_C@_04CNLMGBGM@June?$AA@ 10025a50     LIBCMT:strftime.obj
 0002:00001a58       ??_C@_05DMJDNLEJ@April?$AA@ 10025a58     LIBCMT:strftime.obj
 0002:00001a60       ??_C@_05HPCKOFNC@March?$AA@ 10025a60     LIBCMT:strftime.obj
 0002:00001a68       ??_C@_08GNJGEPFN@February?$AA@ 10025a68     LIBCMT:strftime.obj
 0002:00001a74       ??_C@_07CGJPFGJA@January?$AA@ 10025a74     LIBCMT:strftime.obj
 0002:00001a7c       ??_C@_03MKABNOCG@Dec?$AA@  10025a7c     LIBCMT:strftime.obj
 0002:00001a80       ??_C@_03JPJOFNIA@Nov?$AA@  10025a80     LIBCMT:strftime.obj
 0002:00001a84       ??_C@_03BMAOKBAD@Oct?$AA@  10025a84     LIBCMT:strftime.obj
 0002:00001a88       ??_C@_03GGCAPAJC@Sep?$AA@  10025a88     LIBCMT:strftime.obj
 0002:00001a8c       ??_C@_03IFJFEIGA@Aug?$AA@  10025a8c     LIBCMT:strftime.obj
 0002:00001a90       ??_C@_03LBGABGKK@Jul?$AA@  10025a90     LIBCMT:strftime.obj
 0002:00001a94       ??_C@_03IDFGHECI@Jun?$AA@  10025a94     LIBCMT:strftime.obj
 0002:00001a98       ??_C@_03CNMDKL@May?$AA@    10025a98     LIBCMT:strftime.obj
 0002:00001a9c       ??_C@_03LEOLGMJP@Apr?$AA@  10025a9c     LIBCMT:strftime.obj
 0002:00001aa0       ??_C@_03ODNJBKGA@Mar?$AA@  10025aa0     LIBCMT:strftime.obj
 0002:00001aa4       ??_C@_03HJBDCHOM@Feb?$AA@  10025aa4     LIBCMT:strftime.obj
 0002:00001aa8       ??_C@_03JIHJHPIE@Jan?$AA@  10025aa8     LIBCMT:strftime.obj
 0002:00001aac       ??_C@_08INBOOONO@Saturday?$AA@ 10025aac     LIBCMT:strftime.obj
 0002:00001ab8       ??_C@_06JECMNKMI@Friday?$AA@ 10025ab8     LIBCMT:strftime.obj
 0002:00001ac0       ??_C@_08HACCIKIA@Thursday?$AA@ 10025ac0     LIBCMT:strftime.obj
 0002:00001acc       ??_C@_09DLIGFAKA@Wednesday?$AA@ 10025acc     LIBCMT:strftime.obj
 0002:00001ad8       ??_C@_07BAAGCFCM@Tuesday?$AA@ 10025ad8     LIBCMT:strftime.obj
 0002:00001ae0       ??_C@_06JLEDEDGH@Monday?$AA@ 10025ae0     LIBCMT:strftime.obj
 0002:00001ae8       ??_C@_06OOPIFAJ@Sunday?$AA@ 10025ae8     LIBCMT:strftime.obj
 0002:00001af0       ??_C@_03FEFJNEK@Sat?$AA@   10025af0     LIBCMT:strftime.obj
 0002:00001af4       ??_C@_03IDIOELNC@Fri?$AA@  10025af4     LIBCMT:strftime.obj
 0002:00001af8       ??_C@_03IOFIKPDN@Thu?$AA@  10025af8     LIBCMT:strftime.obj
 0002:00001afc       ??_C@_03MHOMLAJA@Wed?$AA@  10025afc     LIBCMT:strftime.obj
 0002:00001b00       ??_C@_03NAGEINEP@Tue?$AA@  10025b00     LIBCMT:strftime.obj
 0002:00001b04       ??_C@_03PDAGKDH@Mon?$AA@   10025b04     LIBCMT:strftime.obj
 0002:00001b08       ??_C@_03KOEHGMDN@Sun?$AA@  10025b08     LIBCMT:strftime.obj
 0002:00001b0c       ??_C@_07GPDNMNG@CONOUT$?$AA@ 10025b0c     LIBCMT:initcon.obj
 0002:00001b14       ___dnames                  10025b14     LIBCMT:timeset.obj
 0002:00001b2c       ___mnames                  10025b2c     LIBCMT:timeset.obj
 0002:00001b54       ??_C@_06IMKFLFPG@1?$CDQNAN?$AA@ 10025b54     LIBCMT:_x10fout_.obj
 0002:00001b5c       ??_C@_05DNEBIAHO@1?$CDINF?$AA@ 10025b5c     LIBCMT:_x10fout_.obj
 0002:00001b64       ??_C@_05PHHOCPM@1?$CDIND?$AA@ 10025b64     LIBCMT:_x10fout_.obj
 0002:00001b6c       ??_C@_06PGGFOGJG@1?$CDSNAN?$AA@ 10025b6c     LIBCMT:_x10fout_.obj
 0002:00001b78       __load_config_used         10025b78     LIBCMT:loadcfg.obj
 0002:00001bc0       ___safe_se_handler_table   10025bc0     <linker-defined>
 0002:00001bcc       ___rtc_iaa                 10025bcc     LIBCMT:_initsect_.obj
 0002:00001bd0       ___rtc_izz                 10025bd0     LIBCMT:_initsect_.obj
 0002:00001bd4       ___rtc_taa                 10025bd4     LIBCMT:_initsect_.obj
 0002:00001bd8       ___rtc_tzz                 10025bd8     LIBCMT:_initsect_.obj
 0002:00002094       __IMPORT_DESCRIPTOR_KERNEL32 10026094     kernel32:KERNEL32.dll
 0002:000020a8       __NULL_IMPORT_DESCRIPTOR   100260a8     kernel32:KERNEL32.dll
 0003:000012c8       _xbee_s1_localAt           100282c8     modes_xbee1_at.o
 0003:00001310       _xbee_s1_remoteAt          10028310     modes_xbee1_at.o
 0003:00001360       _xbee_s1_16bitData         10028360     modes_xbee1_data.o
 0003:00001398       _xbee_s1_64bitData         10028398     modes_xbee1_data.o
 0003:000014b8       _xbee_s1_16bitIo           100284b8     modes_xbee1_io.o
 0003:00001500       _xbee_s1_64bitIo           10028500     modes_xbee1_io.o
 0003:00001548       _xbee_s1_transmitStatus    10028548     modes_xbee1_mode.o
 0003:00001590       _xbee_s1_modemStatus       10028590     modes_xbee1_mode.o
 0003:00001608       _xbee_s2_localAt           10028608     modes_xbee2_at.o
 0003:00001650       _xbee_s2_remoteAt          10028650     modes_xbee2_at.o
 0003:00001690       _xbee_s2_data              10028690     modes_xbee2_data.o
 0003:000016d8       _xbee_s2_dataExp           100286d8     modes_xbee2_dataExp.o
 0003:00001750       _xbee_s2_identify          10028750     modes_xbee2_identify.o
 0003:00001868       _xbee_s2_io                10028868     modes_xbee2_io.o
 0003:000018b0       _xbee_s2_transmitStatus    100288b0     modes_xbee2_mode.o
 0003:000018f8       _xbee_s2_modemStatus       100288f8     modes_xbee2_mode.o
 0003:00001968       _xbee_s2_sensor            10028968     modes_xbee2_sensor.o
 0003:000019b0       _xbee_sZB_localAt          100289b0     modes_xbeeZB_at.o
 0003:000019f8       _xbee_sZB_remoteAt         100289f8     modes_xbeeZB_at.o
 0003:00001a38       _xbee_sZB_data             10028a38     modes_xbeeZB_data.o
 0003:00001a80       _xbee_sZB_dataExp          10028a80     modes_xbeeZB_dataExp.o
 0003:00001af8       _xbee_sZB_identify         10028af8     modes_xbeeZB_identify.o
 0003:00001c10       _xbee_sZB_io               10028c10     modes_xbeeZB_io.o
 0003:00001c58       _xbee_sZB_transmitStatus   10028c58     modes_xbeeZB_mode.o
 0003:00001ca0       _xbee_sZB_modemStatus      10028ca0     modes_xbeeZB_mode.o
 0003:00001d28       _xbee_sZB_ota              10028d28     modes_xbeeZB_ota.o
 0003:00001d68       _xbee_sZB_sensor           10028d68     modes_xbeeZB_sensor.o
 0003:00001db0       _xbee_s5_localAt           10028db0     modes_xbee5_at.o
 0003:00001df8       _xbee_s5_remoteAt          10028df8     modes_xbee5_at.o
 0003:00001e38       _xbee_s5_data              10028e38     modes_xbee5_data.o
 0003:00001e80       _xbee_s5_dataExp           10028e80     modes_xbee5_dataExp.o
 0003:00001ee8       _xbee_s5_identify          10028ee8     modes_xbee5_identify.o
 0003:00002010       _xbee_s5_transmitStatus    10029010     modes_xbee5_mode.o
 0003:00002058       _xbee_s5_modemStatus       10029058     modes_xbee5_mode.o
 0003:00002230       ___security_cookie         10029230     LIBCMT:gs_cookie.obj
 0003:00002234       ___security_cookie_complement 10029234     LIBCMT:gs_cookie.obj
 0003:00002238       ___abort_behavior          10029238     LIBCMT:abort.obj
 0003:00002240       __iob                      10029240     LIBCMT:_file.obj
 0003:000024c0       __fltused                  100294c0     LIBCMT:_fpinit_.obj
 0003:000024c4       __ldused                   100294c4     LIBCMT:_fpinit_.obj
 0003:000025f0       __amblksiz                 100295f0     LIBCMT:heapinit.obj
 0003:000025f4       __aexit_rtn                100295f4     LIBCMT:crt0dat.obj
 0003:000026b0       ?_RTC_ErrorLevels@@3PAHA   100296b0     LIBCMT:_error_.obj
 0003:000026c4       ___flsindex                100296c4     LIBCMT:tidtable.obj
 0003:000026c8       ___getvalueindex           100296c8     LIBCMT:tidtable.obj
 0003:000026cc       ___nullstring              100296cc     LIBCMT:output.obj
 0003:000026d0       ___wnullstring             100296d0     LIBCMT:output.obj
 0003:000026d8       ___badioinfo               100296d8     LIBCMT:ioinit.obj
 0003:00002718       __First_FPE_Indx           10029718     LIBCMT:winxfltr.obj
 0003:0000271c       __Num_FPE                  1002971c     LIBCMT:winxfltr.obj
 0003:00002720       __XcptActTabSize           10029720     LIBCMT:winxfltr.obj
 0003:00002724       __XcptActTabCount          10029724     LIBCMT:winxfltr.obj
 0003:00002728       __NLG_Destination          10029728     LIBCMT:exsup.obj
 0003:00002738       ___initialmbcinfo          10029738     LIBCMT:mbctype.obj
 0003:00002958       __mbctype                  10029958     LIBCMT:mbctype.obj
 0003:00002a60       __mbcasemap                10029a60     LIBCMT:mbctype.obj
 0003:00002b60       ___ptmbcinfo               10029b60     LIBCMT:mbctype.obj
 0003:00002c5c       ___globallocalestatus      10029c5c     LIBCMT:glstatus.obj
 0003:00002c60       ___clocalestr              10029c60     LIBCMT:nlsdata2.obj
 0003:00002c68       ___initiallocinfo          10029c68     LIBCMT:nlsdata2.obj
 0003:00002d40       ___ptlocinfo               10029d40     LIBCMT:nlsdata2.obj
 0003:00002d44       ___lc_clike                10029d44     LIBCMT:nlsdata2.obj
 0003:00002d48       ___initiallocalestructinfo 10029d48     LIBCMT:nlsdata2.obj
 0003:00002d50       __cfltcvt_tab              10029d50     LIBCMT:cmiscdat.obj
 0003:00002d90       __pctype                   10029d90     LIBCMT:ctype.obj
 0003:00002d94       __pwctype                  10029d94     LIBCMT:ctype.obj
 0003:00002d98       ___lc_time_c               10029d98     LIBCMT:strftime.obj
 0003:00002e50       ___lc_time_curr            10029e50     LIBCMT:strftime.obj
 0003:00002e54       ___lconv_static_decimal    10029e54     LIBCMT:lconv.obj
 0003:00002e58       ___lconv_c                 10029e58     LIBCMT:lconv.obj
 0003:00002e88       ___lconv                   10029e88     LIBCMT:lconv.obj
 0003:00002e8c       ___mb_cur_max              10029e8c     LIBCMT:nlsdata1.obj
 0003:00002e90       ___decimal_point           10029e90     LIBCMT:nlsdata1.obj
 0003:00002e94       ___decimal_point_length    10029e94     LIBCMT:nlsdata1.obj
 0003:00002ea0       __coninpfh                 10029ea0     LIBCMT:initcon.obj
 0003:00002ea4       __confh                    10029ea4     LIBCMT:initcon.obj
 0003:00002eb0       __timezone                 10029eb0     LIBCMT:timeset.obj
 0003:00002eb4       __daylight                 10029eb4     LIBCMT:timeset.obj
 0003:00002eb8       __dstbias                  10029eb8     LIBCMT:timeset.obj
 0003:00002f40       __tzname                   10029f40     LIBCMT:timeset.obj
 0003:00002f60       __lookuptrailbytes         10029f60     LIBCMT:read.obj
 0003:00003090       __lpdays                   1002a090     LIBCMT:days.obj
 0003:000030c4       __days                     1002a0c4     LIBCMT:days.obj
 0003:00003100       __pow10pos                 1002a100     LIBCMT:_constpow_.obj
 0003:00003260       __pow10neg                 1002a260     LIBCMT:_constpow_.obj
 0003:000033e0       _conList                   1002a3e0     conn.o
 0003:000033ec       _netDeadClientList         1002a3ec     net.o
 0003:000033f0       _pktList                   1002a3f0     pkt.o
 0003:000033f4       _threadList                1002a3f4     thread.o
 0003:000033f8       _xbeeList                  1002a3f8     xbee.o
 0003:000033fc       _needsFree                 1002a3fc     xbee.o
 0003:00003410       _module                    1002a410     xsys.o
 0003:00003414       _attach_counter            1002a414     xsys.o
 0003:00003418       _NtQuerySemaphore          1002a418     xsys.o
 0003:0000341c       _g_ntdll                   1002a41c     xsys.o
 0003:00003428       __cflush                   1002a428     LIBCMT:_file.obj
 0003:0000342c       ___fastflag                1002a42c     LIBCMT:_fpinit_.obj
 0003:00003430       __adjust_fdiv              1002a430     LIBCMT:_fpinit_.obj
 0003:00003438       __aenvptr                  1002a438     LIBCMT:dllcrt0.obj
 0003:0000343c       __wenvptr                  1002a43c     LIBCMT:dllcrt0.obj
 0003:00003440       ___error_mode              1002a440     LIBCMT:dllcrt0.obj
 0003:00003444       ___app_type                1002a444     LIBCMT:dllcrt0.obj
 0003:00003598       ___sbh_pHeaderDefer        1002a598     LIBCMT:sbheap.obj
 0003:0000359c       __crtheap                  1002a59c     LIBCMT:heapinit.obj
 0003:000035a0       __umaskval                 1002a5a0     LIBCMT:crt0dat.obj
 0003:000035a4       ___argc                    1002a5a4     LIBCMT:crt0dat.obj
 0003:000035a8       ___argv                    1002a5a8     LIBCMT:crt0dat.obj
 0003:000035ac       ___wargv                   1002a5ac     LIBCMT:crt0dat.obj
 0003:000035b0       __environ                  1002a5b0     LIBCMT:crt0dat.obj
 0003:000035b4       ___initenv                 1002a5b4     LIBCMT:crt0dat.obj
 0003:000035b8       __wenviron                 1002a5b8     LIBCMT:crt0dat.obj
 0003:000035bc       ___winitenv                1002a5bc     LIBCMT:crt0dat.obj
 0003:000035c0       __pgmptr                   1002a5c0     LIBCMT:crt0dat.obj
 0003:000035c4       __wpgmptr                  1002a5c4     LIBCMT:crt0dat.obj
 0003:000035c8       __exitflag                 1002a5c8     LIBCMT:crt0dat.obj
 0003:000035cc       __C_Termination_Done       1002a5cc     LIBCMT:crt0dat.obj
 0003:000035d0       __C_Exit_Done              1002a5d0     LIBCMT:crt0dat.obj
 0003:000038ec       ?_pnhHeap@@3P6AHI@ZA       1002a8ec     LIBCMT:handler.obj
 0003:000038f0       __newmode                  1002a8f0     LIBCMT:_newmode.obj
 0003:000038f4       ?wsprintffp@@3P6AHPADPBDZZA 1002a8f4     LIBCMT:_error_.obj
 0003:00003900       _gpFlsAlloc                1002a900     LIBCMT:tidtable.obj
 0003:00003904       _gpFlsGetValue             1002a904     LIBCMT:tidtable.obj
 0003:00003908       _gpFlsSetValue             1002a908     LIBCMT:tidtable.obj
 0003:0000390c       _gpFlsFree                 1002a90c     LIBCMT:tidtable.obj
 0003:00003910       ___pInvalidArgHandler      1002a910     LIBCMT:invarg.obj
 0003:00003914       __stdbuf                   1002a914     LIBCMT:_sftbuf.obj
 0003:00003c44       __maxwait                  1002ac44     LIBCMT:crtheap.obj
 0003:00003c60       ___mbulinfo                1002ac60     LIBCMT:mbctype.obj
 0003:00003c6c       ___mbcodepage              1002ac6c     LIBCMT:mbctype.obj
 0003:00003c70       ___ismbcodepage            1002ac70     LIBCMT:mbctype.obj
 0003:00003c74       ___mblcid                  1002ac74     LIBCMT:mbctype.obj
 0003:00003c78       ___locale_changed          1002ac78     LIBCMT:setlocal.obj
 0003:00003c7c       ___lc_handle               1002ac7c     LIBCMT:nlsdata2.obj
 0003:00003c94       ___lc_codepage             1002ac94     LIBCMT:nlsdata2.obj
 0003:00003c98       ___lc_collate_cp           1002ac98     LIBCMT:nlsdata2.obj
 0003:00003db0       ?__pInconsistency@@3P6AXXZA 1002adb0     LIBCMT:hooks.obj
 0003:00003dc0       ___pPurecall               1002adc0     LIBCMT:inithelp.obj
 0003:00003df0       ___lconv_static_null       1002adf0     LIBCMT:lconv.obj
 0003:00003df8       __outputformat             1002adf8     LIBCMT:outputformat.obj
 0003:00003ec0       _xbee_s5_transmitStatus_rx 1002aec0     <common>
 0003:00003ed0       _xbee_s5_modemStatus_rx    1002aed0     <common>
 0003:00003ee0       _xbee_s5_identify_rx       1002aee0     <common>
 0003:00003ef0       _xbee_s5_dataExp_tx        1002aef0     <common>
 0003:00003f00       _xbee_s5_dataExp_rx        1002af00     <common>
 0003:00003f10       _xbee_s5_data_rx           1002af10     <common>
 0003:00003f20       _xbee_s5_data_tx           1002af20     <common>
 0003:00003f30       _xbee_s5_remoteAt_tx       1002af30     <common>
 0003:00003f40       _xbee_s5_localAt_rx        1002af40     <common>
 0003:00003f50       _xbee_s5_remoteAt_rx       1002af50     <common>
 0003:00003f60       _xbee_s5_localAt_tx        1002af60     <common>
 0003:00003f70       _xbee_sZB_sensor_rx        1002af70     <common>
 0003:00003f80       _xbee_sZB_ota_rx           1002af80     <common>
 0003:00003f90       _xbee_sZB_transmitStatus_rx 1002af90     <common>
 0003:00003fa0       _xbee_sZB_modemStatus_rx   1002afa0     <common>
 0003:00003fb0       _xbee_sZB_io_rx            1002afb0     <common>
 0003:00003fc0       _xbee_sZB_identify_rx      1002afc0     <common>
 0003:00003fd0       _xbee_sZB_dataExp_tx       1002afd0     <common>
 0003:00003fe0       _xbee_sZB_dataExp_rx       1002afe0     <common>
 0003:00003ff0       _xbee_sZB_data_tx          1002aff0     <common>
 0003:00004000       _xbee_sZB_data_rx          1002b000     <common>
 0003:00004010       _xbee_sZB_localAt_tx       1002b010     <common>
 0003:00004020       _xbee_sZB_remoteAt_tx      1002b020     <common>
 0003:00004030       _xbee_sZB_remoteAt_rx      1002b030     <common>
 0003:00004040       _xbee_sZB_localAt_rx       1002b040     <common>
 0003:00004050       _xbee_s2_sensor_rx         1002b050     <common>
 0003:00004060       _xbee_s2_transmitStatus_rx 1002b060     <common>
 0003:00004070       _xbee_s2_modemStatus_rx    1002b070     <common>
 0003:00004080       _xbee_s2_io_rx             1002b080     <common>
 0003:00004090       _xbee_s2_identify_rx       1002b090     <common>
 0003:000040a0       _xbee_s2_dataExp_rx        1002b0a0     <common>
 0003:000040b0       _xbee_s2_dataExp_tx        1002b0b0     <common>
 0003:000040c0       _xbee_s2_data_rx           1002b0c0     <common>
 0003:000040d0       _xbee_s2_data_tx           1002b0d0     <common>
 0003:000040e0       _xbee_s2_localAt_tx        1002b0e0     <common>
 0003:000040f0       _xbee_s2_localAt_rx        1002b0f0     <common>
 0003:00004100       _xbee_s2_remoteAt_rx       1002b100     <common>
 0003:00004110       _xbee_s2_remoteAt_tx       1002b110     <common>
 0003:00004120       _xbee_s1_modemStatus_rx    1002b120     <common>
 0003:00004130       _xbee_s1_transmitStatus_rx 1002b130     <common>
 0003:00004140       _xbee_s1_64bitIo_rx        1002b140     <common>
 0003:00004150       _xbee_s1_16bitIo_rx        1002b150     <common>
 0003:00004160       _xbee_s1_16bitData_tx      1002b160     <common>
 0003:00004170       _xbee_s1_64bitData_tx      1002b170     <common>
 0003:00004180       _xbee_s1_64bitData_rx      1002b180     <common>
 0003:00004190       _xbee_s1_16bitData_rx      1002b190     <common>
 0003:000041a0       _xbee_s1_localAt_tx        1002b1a0     <common>
 0003:000041b0       _xbee_s1_remoteAt_rx       1002b1b0     <common>
 0003:000041c0       _xbee_s1_localAt_rx        1002b1c0     <common>
 0003:000041d0       _xbee_s1_remoteAt_tx       1002b1d0     <common>
 0003:000041dc       _threadInfoKey             1002b1dc     <common>
 0003:000041e0       __pthread_tls              1002b1e0     <common>
 0003:000041e4       __pthread_key_dest         1002b1e4     <common>
 0003:000041e8       __pthread_key_sch          1002b1e8     <common>
 0003:000041ec       __pthread_key_max          1002b1ec     <common>
 0003:000041f0       __pthread_tls_once         1002b1f0     <common>
 0003:000041f4       __pthread_cancelling       1002b1f4     <common>
 0003:000041f8       __pthread_key_lock         1002b1f8     <common>
 0003:000041fc       __debugger_hook_dummy      1002b1fc     <common>
 0003:00004200       __nhandle                  1002b200     <common>
 0003:00004220       ___pioinfo                 1002b220     <common>
 0003:00004320       ___env_initialized         1002b320     <common>
 0003:00004324       ___onexitend               1002b324     <common>
 0003:00004328       ___onexitbegin             1002b328     <common>
 0003:0000432c       ___mbctype_initialized     1002b32c     <common>
 0003:00004330       ___dyn_tls_init_callback   1002b330     <common>
 0003:00004334       ___active_heap             1002b334     <common>
 0003:00004338       __pDestructExceptionObject 1002b338     <common>
 0003:0000433c       ___sbh_cntHeaderList       1002b33c     <common>
 0003:00004340       ___sbh_pHeaderList         1002b340     <common>
 0003:00004344       ___sbh_threshold           1002b344     <common>
 0003:00004348       ___sbh_pHeaderScan         1002b348     <common>
 0003:0000434c       ___sbh_sizeHeaderList      1002b34c     <common>
 0003:00004350       ___sbh_indGroupDefer       1002b350     <common>
 0003:00004354       ___sse2_available          1002b354     <common>
 0003:00004358       __acmdln                   1002b358     <common>
 0003:0000435c       ___piob                    1002b35c     <common>
 0003:00004360       __bufin                    1002b360     <common>
 0003:00005360       __nstream                  1002c360     <common>

 entry point at        0001:000148f6

 Static symbols

 0001:000000f0       _pthread_mutex_init        100010f0 f   conn.o
 0001:00000280       __xbee_conFree             10001280 f   conn.o
 0001:00000300       _pthread_mutex_destroy     10001300 f   conn.o
 0001:000025b0       _pthread_mutex_init        100035b0 f   frame.o
 0001:00002660       _pthread_mutex_destroy     10003660 f   frame.o
 0001:00002b20       _pthread_mutex_init        10003b20 f   ll.o
 0001:00002bf0       _pthread_mutex_destroy     10003bf0 f   ll.o
 0001:000041a0       _pthread_mutex_init        100051a0 f   log.o
 0001:00004210       _pthread_mutex_destroy     10005210 f   log.o
 0001:00004600       _pthread_testcancel        10005600 f   log.o
 0001:00004650       _pthread_self              10005650 f   log.o
 0001:00004760       __pthread_once_raw         10005760 f   log.o
 0001:000047d0       _pthread_tls_init          100057d0 f   log.o
 0001:00004800       __pthread_invoke_cancel    10005800 f   log.o
 0001:00004870       _pthread_exit              10005870 f   log.o
 0001:000048c0       __pthread_cleanup_dest     100058c0 f   log.o
 0001:000049b0       _pthread_rwlock_rdlock     100059b0 f   log.o
 0001:000049e0       _pthread_rwlock_unlock     100059e0 f   log.o
 0001:00005150       _prepare_repopConTypes     10006150 f   mode.o
 0001:000056f0       _pthread_mutex_lock        100066f0 f   mutex.o
 0001:00005720       _pthread_setcancelstate    10006720 f   mutex.o
 0001:00005790       _pthread_self              10006790 f   mutex.o
 0001:000058a0       __pthread_once_raw         100068a0 f   mutex.o
 0001:00005910       _pthread_tls_init          10006910 f   mutex.o
 0001:00005940       _pthread_getspecific       10006940 f   mutex.o
 0001:00005a00       _pthread_mutex_trylock     10006a00 f   mutex.o
 0001:00005b00       _pthread_mutex_unlock      10006b00 f   mutex.o
 0001:00005cb0       __xbee_pktFree             10006cb0 f   pkt.o
 0001:00006120       __xbee_pktDataKeyDestroy   10007120 f   pkt.o
 0001:00006730       _pthread_testcancel        10007730 f   prepare.o
 0001:00006780       _pthread_self              10007780 f   prepare.o
 0001:00006890       __pthread_once_raw         10007890 f   prepare.o
 0001:00006900       _pthread_tls_init          10007900 f   prepare.o
 0001:00006930       __pthread_invoke_cancel    10007930 f   prepare.o
 0001:000069a0       _pthread_exit              100079a0 f   prepare.o
 0001:000069f0       __pthread_cleanup_dest     100079f0 f   prepare.o
 0001:00006ae0       _pthread_rwlock_rdlock     10007ae0 f   prepare.o
 0001:00006b10       _pthread_rwlock_unlock     10007b10 f   prepare.o
 0001:00006b70       _pthread_key_create        10007b70 f   prepare.o
 0001:00006db0       _pthread_rwlock_wrlock     10007db0 f   prepare.o
 0001:00007890       _time                      10008890 f   rx.o
 0001:00007c00       _pthread_self              10008c00 f   thread.o
 0001:00007d10       __pthread_once_raw         10008d10 f   thread.o
 0001:00007d80       _pthread_tls_init          10008d80 f   thread.o
 0001:00007db0       _pthread_detach            10008db0 f   thread.o
 0001:00007e00       _pthread_setspecific       10008e00 f   thread.o
 0001:00008000       _pthread_create            10009000 f   thread.o
 0001:00008120       _pthread_create_wrapper    10009120 f   thread.o
 0001:000081e0       __pthread_cleanup_dest     100091e0 f   thread.o
 0001:000082d0       _pthread_rwlock_rdlock     100092d0 f   thread.o
 0001:00008300       _pthread_rwlock_unlock     10009300 f   thread.o
 0001:00008360       _pthread_testcancel        10009360 f   thread.o
 0001:000083b0       __pthread_invoke_cancel    100093b0 f   thread.o
 0001:00008420       _pthread_exit              10009420 f   thread.o
 0001:00008500       _pthread_cancel            10009500 f   thread.o
 0001:000087e0       _pthread_join              100097e0 f   thread.o
 0001:00009330       _pthread_testcancel        1000a330 f   xbee.o
 0001:00009380       _pthread_self              1000a380 f   xbee.o
 0001:00009490       __pthread_once_raw         1000a490 f   xbee.o
 0001:00009500       _pthread_tls_init          1000a500 f   xbee.o
 0001:00009530       __pthread_invoke_cancel    1000a530 f   xbee.o
 0001:000095a0       _pthread_exit              1000a5a0 f   xbee.o
 0001:000095f0       __pthread_cleanup_dest     1000a5f0 f   xbee.o
 0001:000096e0       _pthread_rwlock_rdlock     1000a6e0 f   xbee.o
 0001:00009710       _pthread_rwlock_unlock     1000a710 f   xbee.o
 0001:00009bd0       _pthread_detach            1000abd0 f   xbee.o
 0001:0000ab40       _escaped_read              1000bb40 f   modes_common.o
 0001:0000ad70       _escaped_write             1000bd70 f   modes_common.o
 0001:0000bdb0       _init                      1000cdb0 f   modes_xbee1_mode.o
 0001:0000bec0       _mode_shutdown             1000cec0 f   modes_xbee1_mode.o
 0001:0000d740       _init                      1000e740 f   modes_xbee2_mode.o
 0001:0000d850       _mode_shutdown             1000e850 f   modes_xbee2_mode.o
 0001:0000f470       _init                      10010470 f   modes_xbeeZB_mode.o
 0001:0000f580       _mode_shutdown             10010580 f   modes_xbeeZB_mode.o
 0001:00010f00       _init                      10011f00 f   modes_xbee5_mode.o
 0001:00011010       _mode_shutdown             10012010 f   modes_xbee5_mode.o
 0001:00013210       _flsall                    10014210 f   LIBCMT:fflush.obj
 0001:000134ae       __callthreadstartex        100144ae f   LIBCMT:threadex.obj
 0001:000134ef       __threadstartex@4          100144ef f   LIBCMT:threadex.obj
 0001:000142d8       _vscan_fn                  100152d8 f   LIBCMT:sscanf.obj
 0001:00014800       ___DllMainCRTStartup       10015800 f   LIBCMT:dllcrt0.obj
 0001:00014919       _fastzero_I                10015919 f   LIBCMT:p4_memset.obj
 0001:000149ff       _has_osfxsr_set            100159ff f   LIBCMT:cpu_disp.obj
 0001:00015a6e       __initterm                 10016a6e f   LIBCMT:crt0dat.obj
 0001:00015b34       _doexit                    10016b34 f   LIBCMT:crt0dat.obj
 0001:00015eee       ?DebuggerProbe@@YAHK@Z     10016eee f   LIBCMT:_error_.obj
 0001:00015f3e       ?DebuggerRuntime@@YAHKHPAXPB_W@Z 10016f3e f   LIBCMT:_error_.obj
 0001:00015fa0       ?failwithmessage@@YAXPAXHHPBD@Z 10016fa0 f   LIBCMT:_error_.obj
 0001:000162d3       _fastcopy_I                100172d3 f   LIBCMT:p4_memcpy.obj
 0001:000177c2       _write_char                100187c2 f   LIBCMT:output.obj
 0001:000177f5       _write_multi_char          100187f5 f   LIBCMT:output.obj
 0001:0001781b       _write_string              1001881b f   LIBCMT:output.obj
 0001:00018bcd       _siglookup                 10019bcd f   LIBCMT:winsig.obj
 0001:00018de4       __unwind_handler           10019de4 f   LIBCMT:exsup.obj
 0001:000190aa       ?CPtoLCID@@YAHH@Z          1001a0aa f   LIBCMT:mbctype.obj
 0001:000190d9       ?setSBCS@@YAXPAUthreadmbcinfostruct@@@Z 1001a0d9 f   LIBCMT:mbctype.obj
 0001:0001913d       ?setSBUpLow@@YAXPAUthreadmbcinfostruct@@@Z 1001a13d f   LIBCMT:mbctype.obj
 0001:00019374       ?getSystemCP@@YAHH@Z       1001a374 f   LIBCMT:mbctype.obj
 0001:000199fe       __updatetlocinfoEx_nolock  1001a9fe f   LIBCMT:setlocal.obj
 0001:00019d68       ___check_float_string      1001ad68 f   LIBCMT:input.obj
 0001:00019dbf       __hextodec                 1001adbf f   LIBCMT:input.obj
 0001:00019ddf       __inc                      1001addf f   LIBCMT:input.obj
 0001:00019df5       __un_inc                   1001adf5 f   LIBCMT:input.obj
 0001:00019e08       __whiteout                 1001ae08 f   LIBCMT:input.obj
 0001:0001b180       __shift                    1001c180 f   LIBCMT:cvt.obj
 0001:0001b1c5       __cftoe2_l                 1001c1c5 f   LIBCMT:cvt.obj
 0001:0001b797       __cftof2_l                 1001c797 f   LIBCMT:cvt.obj
 0001:0001bc7f       _parse_cmdline             1001cc7f f   LIBCMT:stdargv.obj
 0001:0001c558       __unwind_handler4          1001d558 f   LIBCMT:exsup4.obj
 0001:0001c61b       __onexit_nolock            1001d61b f   LIBCMT:onexit.obj
 0001:0001ca9e       ?GetPdbDll@@YAPAUHINSTANCE__@@XZ 1001da9e f   LIBCMT:_pdblkup_.obj
 0001:0001d819       ?__crtLCMapStringA_stat@@YAHPAUlocaleinfo_struct@@KKPBDHPADHHH@Z 1001e819 f   LIBCMT:a_map.obj
 0001:0001dc03       ?__crtGetStringTypeA_stat@@YAHPAUlocaleinfo_struct@@KPBDHPAGHHH@Z 1001ec03 f   LIBCMT:a_str.obj
 0001:0001e64b       ?strncnt@@YAHPBDH@Z        1001f64b f   LIBCMT:a_cmp.obj
 0001:0001e669       ?__crtCompareStringA_stat@@YAHPAUlocaleinfo_struct@@KKPBDH1HH@Z 1001f669 f   LIBCMT:a_cmp.obj
 0001:0001eb15       _findenv                   1001fb15 f   LIBCMT:setenv.obj
 0001:0001eb67       _copy_environ              1001fb67 f   LIBCMT:setenv.obj
 0001:0001f314       ?x_ismbbtype_l@@YAHPAUlocaleinfo_struct@@IHH@Z 10020314 f   LIBCMT:ismbbyte.obj
 0001:0001f46e       ?strtoxl@@YAKPAUlocaleinfo_struct@@PBDPAPBDHH@Z 1002046e f   LIBCMT:strtol.obj
 0001:00021d37       __hw_cw                    10022d37 f   LIBCMT:_ieee87_.obj
 0001:00021dc5       ___hw_cw_sse2              10022dc5 f   LIBCMT:_ieee87_.obj
